# 5.14.14 kernel crash
# AMD Ryzen 5900X

```
-- Journal begins at Fri 2021-10-08 11:47:12 CEST, ends at Sun 2021-10-24 21:09:00 CEST. --
Oct 24 19:36:33 localhost kernel: Linux version 5.14.14-xanmod2-1-default (foo@localhost.localdomain) (gcc (SUSE Linux) 11.2.1 20210816 [revision 056e324ce46a7924b5cf10f61010cf9dd2ca10e9], GNU ld (GNU Binutils; openSUSE Tumbleweed) 2.37.20210803-1) #3 SMP Sat Oct 23 18:35:38 CEST 2021
Oct 24 19:36:33 localhost kernel: Command line: BOOT_IMAGE=/boot/vmlinuz-5.14.14-xanmod2-1-default root=UUID=b53e239d-b210-494f-986f-ccc63190e2ec splash=silent quiet mitigations=off processor.max_cstate=5 idle=nomwait nowatchdog ipv6.disable=1
Oct 24 19:36:33 localhost kernel: x86/fpu: Supporting XSAVE feature 0x001: 'x87 floating point registers'
Oct 24 19:36:33 localhost kernel: x86/fpu: Supporting XSAVE feature 0x002: 'SSE registers'
Oct 24 19:36:33 localhost kernel: x86/fpu: Supporting XSAVE feature 0x004: 'AVX registers'
Oct 24 19:36:33 localhost kernel: x86/fpu: Supporting XSAVE feature 0x200: 'Protection Keys User registers'
Oct 24 19:36:33 localhost kernel: x86/fpu: xstate_offset[2]:  576, xstate_sizes[2]:  256
Oct 24 19:36:33 localhost kernel: x86/fpu: xstate_offset[9]:  832, xstate_sizes[9]:    8
Oct 24 19:36:33 localhost kernel: x86/fpu: Enabled xstate features 0x207, context size is 840 bytes, using 'compacted' format.
Oct 24 19:36:33 localhost kernel: signal: max sigframe size: 3376
Oct 24 19:36:33 localhost kernel: BIOS-provided physical RAM map:
Oct 24 19:36:33 localhost kernel: BIOS-e820: [mem 0x0000000000000000-0x000000000009ffff] usable
Oct 24 19:36:33 localhost kernel: BIOS-e820: [mem 0x00000000000a0000-0x00000000000fffff] reserved
Oct 24 19:36:33 localhost kernel: BIOS-e820: [mem 0x0000000000100000-0x0000000009d1efff] usable
Oct 24 19:36:33 localhost kernel: BIOS-e820: [mem 0x0000000009d1f000-0x0000000009ffffff] reserved
Oct 24 19:36:33 localhost kernel: BIOS-e820: [mem 0x000000000a000000-0x000000000a1fffff] usable
Oct 24 19:36:33 localhost kernel: BIOS-e820: [mem 0x000000000a200000-0x000000000a20dfff] ACPI NVS
Oct 24 19:36:33 localhost kernel: BIOS-e820: [mem 0x000000000a20e000-0x00000000c3278fff] usable
Oct 24 19:36:33 localhost kernel: BIOS-e820: [mem 0x00000000c3279000-0x00000000c3279fff] reserved
Oct 24 19:36:33 localhost kernel: BIOS-e820: [mem 0x00000000c327a000-0x00000000ca45dfff] usable
Oct 24 19:36:33 localhost kernel: BIOS-e820: [mem 0x00000000ca45e000-0x00000000ca811fff] reserved
Oct 24 19:36:33 localhost kernel: BIOS-e820: [mem 0x00000000ca812000-0x00000000ca981fff] ACPI data
Oct 24 19:36:33 localhost kernel: BIOS-e820: [mem 0x00000000ca982000-0x00000000cacecfff] ACPI NVS
Oct 24 19:36:33 localhost kernel: BIOS-e820: [mem 0x00000000caced000-0x00000000cb9fefff] reserved
Oct 24 19:36:33 localhost kernel: BIOS-e820: [mem 0x00000000cb9ff000-0x00000000ccffffff] usable
Oct 24 19:36:33 localhost kernel: BIOS-e820: [mem 0x00000000cd000000-0x00000000cfffffff] reserved
Oct 24 19:36:33 localhost kernel: BIOS-e820: [mem 0x00000000f0000000-0x00000000f7ffffff] reserved
Oct 24 19:36:33 localhost kernel: BIOS-e820: [mem 0x00000000fd100000-0x00000000fd1fffff] reserved
Oct 24 19:36:33 localhost kernel: BIOS-e820: [mem 0x00000000fd300000-0x00000000fd4fffff] reserved
Oct 24 19:36:33 localhost kernel: BIOS-e820: [mem 0x00000000fea00000-0x00000000fea0ffff] reserved
Oct 24 19:36:33 localhost kernel: BIOS-e820: [mem 0x00000000feb80000-0x00000000fec01fff] reserved
Oct 24 19:36:33 localhost kernel: BIOS-e820: [mem 0x00000000fec10000-0x00000000fec10fff] reserved
Oct 24 19:36:33 localhost kernel: BIOS-e820: [mem 0x00000000fed00000-0x00000000fed00fff] reserved
Oct 24 19:36:33 localhost kernel: BIOS-e820: [mem 0x00000000fed40000-0x00000000fed44fff] reserved
Oct 24 19:36:33 localhost kernel: BIOS-e820: [mem 0x00000000fed80000-0x00000000fed8ffff] reserved
Oct 24 19:36:33 localhost kernel: BIOS-e820: [mem 0x00000000fedc2000-0x00000000fedcffff] reserved
Oct 24 19:36:33 localhost kernel: BIOS-e820: [mem 0x00000000fedd4000-0x00000000fedd5fff] reserved
Oct 24 19:36:33 localhost kernel: BIOS-e820: [mem 0x00000000ff000000-0x00000000ffffffff] reserved
Oct 24 19:36:33 localhost kernel: BIOS-e820: [mem 0x0000000100000000-0x000000082f2fffff] usable
Oct 24 19:36:33 localhost kernel: BIOS-e820: [mem 0x000000082f300000-0x000000082fffffff] reserved
Oct 24 19:36:33 localhost kernel: NX (Execute Disable) protection: active
Oct 24 19:36:33 localhost kernel: e820: update [mem 0x90603018-0x90614067] usable ==> usable
Oct 24 19:36:33 localhost kernel: e820: update [mem 0x90603018-0x90614067] usable ==> usable
Oct 24 19:36:33 localhost kernel: e820: update [mem 0x905e5018-0x90602057] usable ==> usable
Oct 24 19:36:33 localhost kernel: e820: update [mem 0x905e5018-0x90602057] usable ==> usable
Oct 24 19:36:33 localhost kernel: extended physical RAM map:
Oct 24 19:36:33 localhost kernel: reserve setup_data: [mem 0x0000000000000000-0x000000000009ffff] usable
Oct 24 19:36:33 localhost kernel: reserve setup_data: [mem 0x00000000000a0000-0x00000000000fffff] reserved
Oct 24 19:36:33 localhost kernel: reserve setup_data: [mem 0x0000000000100000-0x0000000009d1efff] usable
Oct 24 19:36:33 localhost kernel: reserve setup_data: [mem 0x0000000009d1f000-0x0000000009ffffff] reserved
Oct 24 19:36:33 localhost kernel: reserve setup_data: [mem 0x000000000a000000-0x000000000a1fffff] usable
Oct 24 19:36:33 localhost kernel: reserve setup_data: [mem 0x000000000a200000-0x000000000a20dfff] ACPI NVS
Oct 24 19:36:33 localhost kernel: reserve setup_data: [mem 0x000000000a20e000-0x00000000905e5017] usable
Oct 24 19:36:33 localhost kernel: reserve setup_data: [mem 0x00000000905e5018-0x0000000090602057] usable
Oct 24 19:36:33 localhost kernel: reserve setup_data: [mem 0x0000000090602058-0x0000000090603017] usable
Oct 24 19:36:33 localhost kernel: reserve setup_data: [mem 0x0000000090603018-0x0000000090614067] usable
Oct 24 19:36:33 localhost kernel: reserve setup_data: [mem 0x0000000090614068-0x00000000c3278fff] usable
Oct 24 19:36:33 localhost kernel: reserve setup_data: [mem 0x00000000c3279000-0x00000000c3279fff] reserved
Oct 24 19:36:33 localhost kernel: reserve setup_data: [mem 0x00000000c327a000-0x00000000ca45dfff] usable
Oct 24 19:36:33 localhost kernel: reserve setup_data: [mem 0x00000000ca45e000-0x00000000ca811fff] reserved
Oct 24 19:36:33 localhost kernel: reserve setup_data: [mem 0x00000000ca812000-0x00000000ca981fff] ACPI data
Oct 24 19:36:33 localhost kernel: reserve setup_data: [mem 0x00000000ca982000-0x00000000cacecfff] ACPI NVS
Oct 24 19:36:33 localhost kernel: reserve setup_data: [mem 0x00000000caced000-0x00000000cb9fefff] reserved
Oct 24 19:36:33 localhost kernel: reserve setup_data: [mem 0x00000000cb9ff000-0x00000000ccffffff] usable
Oct 24 19:36:33 localhost kernel: reserve setup_data: [mem 0x00000000cd000000-0x00000000cfffffff] reserved
Oct 24 19:36:33 localhost kernel: reserve setup_data: [mem 0x00000000f0000000-0x00000000f7ffffff] reserved
Oct 24 19:36:33 localhost kernel: reserve setup_data: [mem 0x00000000fd100000-0x00000000fd1fffff] reserved
Oct 24 19:36:33 localhost kernel: reserve setup_data: [mem 0x00000000fd300000-0x00000000fd4fffff] reserved
Oct 24 19:36:33 localhost kernel: reserve setup_data: [mem 0x00000000fea00000-0x00000000fea0ffff] reserved
Oct 24 19:36:33 localhost kernel: reserve setup_data: [mem 0x00000000feb80000-0x00000000fec01fff] reserved
Oct 24 19:36:33 localhost kernel: reserve setup_data: [mem 0x00000000fec10000-0x00000000fec10fff] reserved
Oct 24 19:36:33 localhost kernel: reserve setup_data: [mem 0x00000000fed00000-0x00000000fed00fff] reserved
Oct 24 19:36:33 localhost kernel: reserve setup_data: [mem 0x00000000fed40000-0x00000000fed44fff] reserved
Oct 24 19:36:33 localhost kernel: reserve setup_data: [mem 0x00000000fed80000-0x00000000fed8ffff] reserved
Oct 24 19:36:33 localhost kernel: reserve setup_data: [mem 0x00000000fedc2000-0x00000000fedcffff] reserved
Oct 24 19:36:33 localhost kernel: reserve setup_data: [mem 0x00000000fedd4000-0x00000000fedd5fff] reserved
Oct 24 19:36:33 localhost kernel: reserve setup_data: [mem 0x00000000ff000000-0x00000000ffffffff] reserved
Oct 24 19:36:33 localhost kernel: reserve setup_data: [mem 0x0000000100000000-0x000000082f2fffff] usable
Oct 24 19:36:33 localhost kernel: reserve setup_data: [mem 0x000000082f300000-0x000000082fffffff] reserved
Oct 24 19:36:33 localhost kernel: efi: EFI v2.70 by American Megatrends
Oct 24 19:36:33 localhost kernel: efi: ACPI=0xca981000 ACPI 2.0=0xca981014 TPMFinalLog=0xcaca0000 SMBIOS=0xcb7fa000 SMBIOS 3.0=0xcb7f9000 MEMATTR=0xc5d52018 ESRT=0xc901fe98 RNG=0xcb82eb18 TPMEventLog=0xc18e1018 
Oct 24 19:36:33 localhost kernel: efi: seeding entropy pool
Oct 24 19:36:33 localhost kernel: random: fast init done
Oct 24 19:36:33 localhost kernel: SMBIOS 3.3.0 present.
Oct 24 19:36:33 localhost kernel: DMI: System manufacturer System Product Name/ROG STRIX X570-E GAMING, BIOS 4021 08/09/2021
Oct 24 19:36:33 localhost kernel: tsc: Fast TSC calibration using PIT
Oct 24 19:36:33 localhost kernel: tsc: Detected 3700.094 MHz processor
Oct 24 19:36:33 localhost kernel: e820: update [mem 0x00000000-0x00000fff] usable ==> reserved
Oct 24 19:36:33 localhost kernel: e820: remove [mem 0x000a0000-0x000fffff] usable
Oct 24 19:36:33 localhost kernel: last_pfn = 0x82f300 max_arch_pfn = 0x400000000
Oct 24 19:36:33 localhost kernel: x86/PAT: Configuration [0-7]: WB  WC  UC- UC  WB  WP  UC- WT  
Oct 24 19:36:33 localhost kernel: e820: update [mem 0xcaa40000-0xcaa4ffff] usable ==> reserved
Oct 24 19:36:33 localhost kernel: e820: update [mem 0xd0000000-0xffffffff] usable ==> reserved
Oct 24 19:36:33 localhost kernel: last_pfn = 0xcd000 max_arch_pfn = 0x400000000
Oct 24 19:36:33 localhost kernel: esrt: Reserving ESRT space from 0x00000000c901fe98 to 0x00000000c901fed0.
Oct 24 19:36:33 localhost kernel: e820: update [mem 0xc901f000-0xc901ffff] usable ==> reserved
Oct 24 19:36:33 localhost kernel: Using GB pages for direct mapping
Oct 24 19:36:33 localhost kernel: Secure boot disabled
Oct 24 19:36:33 localhost kernel: RAMDISK: [mem 0x3b04a000-0x3ca74fff]
Oct 24 19:36:33 localhost kernel: ACPI: Early table checksum verification disabled
Oct 24 19:36:33 localhost kernel: ACPI: RSDP 0x00000000CA981014 000024 (v02 ALASKA)
Oct 24 19:36:33 localhost kernel: ACPI: XSDT 0x00000000CA980728 0000E4 (v01 ALASKA A M I    01072009 AMI  01000013)
Oct 24 19:36:33 localhost kernel: ACPI: FACP 0x00000000CA971000 000114 (v06 ALASKA A M I    01072009 AMI  00010013)
Oct 24 19:36:33 localhost kernel: ACPI: DSDT 0x00000000CA962000 00E2CD (v02 ALASKA A M I    01072009 INTL 20120913)
Oct 24 19:36:33 localhost kernel: ACPI: FACS 0x00000000CACD0000 000040
Oct 24 19:36:33 localhost kernel: ACPI: SSDT 0x00000000CA977000 008C98 (v02 AMD    AmdTable 00000002 MSFT 04000000)
Oct 24 19:36:33 localhost kernel: ACPI: SSDT 0x00000000CA973000 003B1B (v01 AMD    AMD AOD  00000001 INTL 20120913)
Oct 24 19:36:33 localhost kernel: ACPI: SSDT 0x00000000CA972000 000164 (v02 ALASKA CPUSSDT  01072009 AMI  01072009)
Oct 24 19:36:33 localhost kernel: ACPI: FIDT 0x00000000CA961000 00009C (v01 ALASKA A M I    01072009 AMI  00010013)
Oct 24 19:36:33 localhost kernel: ACPI: FPDT 0x00000000CA85B000 000044 (v01 ALASKA A M I    01072009 AMI  01000013)
Oct 24 19:36:33 localhost kernel: ACPI: MCFG 0x00000000CA95F000 00003C (v01 ALASKA A M I    01072009 MSFT 00010013)
Oct 24 19:36:33 localhost kernel: ACPI: HPET 0x00000000CA95E000 000038 (v01 ALASKA A M I    01072009 AMI  00000005)
Oct 24 19:36:33 localhost kernel: ACPI: SSDT 0x00000000CA95D000 000024 (v01 AMD    BIXBY    00001000 INTL 20120913)
Oct 24 19:36:33 localhost kernel: ACPI: IVRS 0x00000000CA95B000 0000D0 (v02 AMD    AmdTable 00000001 AMD  00000001)
Oct 24 19:36:33 localhost kernel: ACPI: VFCT 0x00000000CA94C000 00EA84 (v01 ALASKA A M I    00000001 AMD  31504F47)
Oct 24 19:36:33 localhost kernel: ACPI: BGRT 0x00000000CA94B000 000038 (v01 ALASKA A M I    01072009 AMI  00010013)
Oct 24 19:36:33 localhost kernel: ACPI: WPBT 0x00000000CA871000 00003C (v01 ALASKA A M I    00000001 ASUS 00000001)
Oct 24 19:36:33 localhost kernel: ACPI: TPM2 0x00000000CA870000 00004C (v04 ALASKA A M I    00000001 AMI  00000000)
Oct 24 19:36:33 localhost kernel: ACPI: PCCT 0x00000000CA86F000 00006E (v02 AMD    AmdTable 00000001 AMD  00000001)
Oct 24 19:36:33 localhost kernel: ACPI: SSDT 0x00000000CA869000 005EF9 (v02 AMD    AmdTable 00000001 AMD  00000001)
Oct 24 19:36:33 localhost kernel: ACPI: CRAT 0x00000000CA867000 001118 (v01 AMD    AmdTable 00000001 AMD  00000001)
Oct 24 19:36:33 localhost kernel: ACPI: CDIT 0x00000000CA866000 000029 (v01 AMD    AmdTable 00000001 AMD  00000001)
Oct 24 19:36:33 localhost kernel: ACPI: SSDT 0x00000000CA865000 00022A (v01 AMD    QOGIRDGP 00000001 INTL 20120913)
Oct 24 19:36:33 localhost kernel: ACPI: SSDT 0x00000000CA863000 0010AC (v01 AMD    QOGIRTPX 00000001 INTL 20120913)
Oct 24 19:36:33 localhost kernel: ACPI: SSDT 0x00000000CA862000 00052C (v01 AMD    QOGIRNOI 00000001 INTL 20120913)
Oct 24 19:36:33 localhost kernel: ACPI: SSDT 0x00000000CA85E000 003EAC (v01 AMD    QOGIRN   00000001 INTL 20120913)
Oct 24 19:36:33 localhost kernel: ACPI: WSMT 0x00000000CA85D000 000028 (v01 ALASKA A M I    01072009 AMI  00010013)
Oct 24 19:36:33 localhost kernel: ACPI: APIC 0x00000000CA85C000 00015E (v03 ALASKA A M I    01072009 AMI  00010013)
Oct 24 19:36:33 localhost kernel: ACPI: Reserving FACP table memory at [mem 0xca971000-0xca971113]
Oct 24 19:36:33 localhost kernel: ACPI: Reserving DSDT table memory at [mem 0xca962000-0xca9702cc]
Oct 24 19:36:33 localhost kernel: ACPI: Reserving FACS table memory at [mem 0xcacd0000-0xcacd003f]
Oct 24 19:36:33 localhost kernel: ACPI: Reserving SSDT table memory at [mem 0xca977000-0xca97fc97]
Oct 24 19:36:33 localhost kernel: ACPI: Reserving SSDT table memory at [mem 0xca973000-0xca976b1a]
Oct 24 19:36:33 localhost kernel: ACPI: Reserving SSDT table memory at [mem 0xca972000-0xca972163]
Oct 24 19:36:33 localhost kernel: ACPI: Reserving FIDT table memory at [mem 0xca961000-0xca96109b]
Oct 24 19:36:33 localhost kernel: ACPI: Reserving FPDT table memory at [mem 0xca85b000-0xca85b043]
Oct 24 19:36:33 localhost kernel: ACPI: Reserving MCFG table memory at [mem 0xca95f000-0xca95f03b]
Oct 24 19:36:33 localhost kernel: ACPI: Reserving HPET table memory at [mem 0xca95e000-0xca95e037]
Oct 24 19:36:33 localhost kernel: ACPI: Reserving SSDT table memory at [mem 0xca95d000-0xca95d023]
Oct 24 19:36:33 localhost kernel: ACPI: Reserving IVRS table memory at [mem 0xca95b000-0xca95b0cf]
Oct 24 19:36:33 localhost kernel: ACPI: Reserving VFCT table memory at [mem 0xca94c000-0xca95aa83]
Oct 24 19:36:33 localhost kernel: ACPI: Reserving BGRT table memory at [mem 0xca94b000-0xca94b037]
Oct 24 19:36:33 localhost kernel: ACPI: Reserving WPBT table memory at [mem 0xca871000-0xca87103b]
Oct 24 19:36:33 localhost kernel: ACPI: Reserving TPM2 table memory at [mem 0xca870000-0xca87004b]
Oct 24 19:36:33 localhost kernel: ACPI: Reserving PCCT table memory at [mem 0xca86f000-0xca86f06d]
Oct 24 19:36:33 localhost kernel: ACPI: Reserving SSDT table memory at [mem 0xca869000-0xca86eef8]
Oct 24 19:36:33 localhost kernel: ACPI: Reserving CRAT table memory at [mem 0xca867000-0xca868117]
Oct 24 19:36:33 localhost kernel: ACPI: Reserving CDIT table memory at [mem 0xca866000-0xca866028]
Oct 24 19:36:33 localhost kernel: ACPI: Reserving SSDT table memory at [mem 0xca865000-0xca865229]
Oct 24 19:36:33 localhost kernel: ACPI: Reserving SSDT table memory at [mem 0xca863000-0xca8640ab]
Oct 24 19:36:33 localhost kernel: ACPI: Reserving SSDT table memory at [mem 0xca862000-0xca86252b]
Oct 24 19:36:33 localhost kernel: ACPI: Reserving SSDT table memory at [mem 0xca85e000-0xca861eab]
Oct 24 19:36:33 localhost kernel: ACPI: Reserving WSMT table memory at [mem 0xca85d000-0xca85d027]
Oct 24 19:36:33 localhost kernel: ACPI: Reserving APIC table memory at [mem 0xca85c000-0xca85c15d]
Oct 24 19:36:33 localhost kernel: No NUMA configuration found
Oct 24 19:36:33 localhost kernel: Faking a node at [mem 0x0000000000000000-0x000000082f2fffff]
Oct 24 19:36:33 localhost kernel: NODE_DATA(0) allocated [mem 0x82f2d5000-0x82f2fffff]
Oct 24 19:36:33 localhost kernel: Zone ranges:
Oct 24 19:36:33 localhost kernel:   DMA      [mem 0x0000000000001000-0x0000000000ffffff]
Oct 24 19:36:33 localhost kernel:   DMA32    [mem 0x0000000001000000-0x00000000ffffffff]
Oct 24 19:36:33 localhost kernel:   Normal   [mem 0x0000000100000000-0x000000082f2fffff]
Oct 24 19:36:33 localhost kernel:   Device   empty
Oct 24 19:36:33 localhost kernel: Movable zone start for each node
Oct 24 19:36:33 localhost kernel: Early memory node ranges
Oct 24 19:36:33 localhost kernel:   node   0: [mem 0x0000000000001000-0x000000000009ffff]
Oct 24 19:36:33 localhost kernel:   node   0: [mem 0x0000000000100000-0x0000000009d1efff]
Oct 24 19:36:33 localhost kernel:   node   0: [mem 0x000000000a000000-0x000000000a1fffff]
Oct 24 19:36:33 localhost kernel:   node   0: [mem 0x000000000a20e000-0x00000000c3278fff]
Oct 24 19:36:33 localhost kernel:   node   0: [mem 0x00000000c327a000-0x00000000ca45dfff]
Oct 24 19:36:33 localhost kernel:   node   0: [mem 0x00000000cb9ff000-0x00000000ccffffff]
Oct 24 19:36:33 localhost kernel:   node   0: [mem 0x0000000100000000-0x000000082f2fffff]
Oct 24 19:36:33 localhost kernel: Initmem setup node 0 [mem 0x0000000000001000-0x000000082f2fffff]
Oct 24 19:36:33 localhost kernel: On node 0, zone DMA: 1 pages in unavailable ranges
Oct 24 19:36:33 localhost kernel: On node 0, zone DMA: 96 pages in unavailable ranges
Oct 24 19:36:33 localhost kernel: On node 0, zone DMA32: 737 pages in unavailable ranges
Oct 24 19:36:33 localhost kernel: On node 0, zone DMA32: 14 pages in unavailable ranges
Oct 24 19:36:33 localhost kernel: On node 0, zone DMA32: 1 pages in unavailable ranges
Oct 24 19:36:33 localhost kernel: On node 0, zone DMA32: 5537 pages in unavailable ranges
Oct 24 19:36:33 localhost kernel: On node 0, zone Normal: 12288 pages in unavailable ranges
Oct 24 19:36:33 localhost kernel: On node 0, zone Normal: 3328 pages in unavailable ranges
Oct 24 19:36:33 localhost kernel: ACPI: PM-Timer IO Port: 0x808
Oct 24 19:36:33 localhost kernel: ACPI: LAPIC_NMI (acpi_id[0xff] high edge lint[0x1])
Oct 24 19:36:33 localhost kernel: IOAPIC[0]: apic_id 25, version 33, address 0xfec00000, GSI 0-23
Oct 24 19:36:33 localhost kernel: IOAPIC[1]: apic_id 26, version 33, address 0xfec01000, GSI 24-55
Oct 24 19:36:33 localhost kernel: ACPI: INT_SRC_OVR (bus 0 bus_irq 0 global_irq 2 dfl dfl)
Oct 24 19:36:33 localhost kernel: ACPI: INT_SRC_OVR (bus 0 bus_irq 9 global_irq 9 low level)
Oct 24 19:36:33 localhost kernel: ACPI: Using ACPI (MADT) for SMP configuration information
Oct 24 19:36:33 localhost kernel: ACPI: HPET id: 0x10228201 base: 0xfed00000
Oct 24 19:36:33 localhost kernel: e820: update [mem 0xc66a1000-0xc6794fff] usable ==> reserved
Oct 24 19:36:33 localhost kernel: smpboot: Allowing 32 CPUs, 8 hotplug CPUs
Oct 24 19:36:33 localhost kernel: PM: hibernation: Registered nosave memory: [mem 0x00000000-0x00000fff]
Oct 24 19:36:33 localhost kernel: PM: hibernation: Registered nosave memory: [mem 0x000a0000-0x000fffff]
Oct 24 19:36:33 localhost kernel: PM: hibernation: Registered nosave memory: [mem 0x09d1f000-0x09ffffff]
Oct 24 19:36:33 localhost kernel: PM: hibernation: Registered nosave memory: [mem 0x0a200000-0x0a20dfff]
Oct 24 19:36:33 localhost kernel: PM: hibernation: Registered nosave memory: [mem 0x905e5000-0x905e5fff]
Oct 24 19:36:33 localhost kernel: PM: hibernation: Registered nosave memory: [mem 0x90602000-0x90602fff]
Oct 24 19:36:33 localhost kernel: PM: hibernation: Registered nosave memory: [mem 0x90603000-0x90603fff]
Oct 24 19:36:33 localhost kernel: PM: hibernation: Registered nosave memory: [mem 0x90614000-0x90614fff]
Oct 24 19:36:33 localhost kernel: PM: hibernation: Registered nosave memory: [mem 0xc3279000-0xc3279fff]
Oct 24 19:36:33 localhost kernel: PM: hibernation: Registered nosave memory: [mem 0xc66a1000-0xc6794fff]
Oct 24 19:36:33 localhost kernel: PM: hibernation: Registered nosave memory: [mem 0xc901f000-0xc901ffff]
Oct 24 19:36:33 localhost kernel: PM: hibernation: Registered nosave memory: [mem 0xca45e000-0xca811fff]
Oct 24 19:36:33 localhost kernel: PM: hibernation: Registered nosave memory: [mem 0xca812000-0xca981fff]
Oct 24 19:36:33 localhost kernel: PM: hibernation: Registered nosave memory: [mem 0xca982000-0xcacecfff]
Oct 24 19:36:33 localhost kernel: PM: hibernation: Registered nosave memory: [mem 0xcaced000-0xcb9fefff]
Oct 24 19:36:33 localhost kernel: PM: hibernation: Registered nosave memory: [mem 0xcd000000-0xcfffffff]
Oct 24 19:36:33 localhost kernel: PM: hibernation: Registered nosave memory: [mem 0xd0000000-0xefffffff]
Oct 24 19:36:33 localhost kernel: PM: hibernation: Registered nosave memory: [mem 0xf0000000-0xf7ffffff]
Oct 24 19:36:33 localhost kernel: PM: hibernation: Registered nosave memory: [mem 0xf8000000-0xfd0fffff]
Oct 24 19:36:33 localhost kernel: PM: hibernation: Registered nosave memory: [mem 0xfd100000-0xfd1fffff]
Oct 24 19:36:33 localhost kernel: PM: hibernation: Registered nosave memory: [mem 0xfd200000-0xfd2fffff]
Oct 24 19:36:33 localhost kernel: PM: hibernation: Registered nosave memory: [mem 0xfd300000-0xfd4fffff]
Oct 24 19:36:33 localhost kernel: PM: hibernation: Registered nosave memory: [mem 0xfd500000-0xfe9fffff]
Oct 24 19:36:33 localhost kernel: PM: hibernation: Registered nosave memory: [mem 0xfea00000-0xfea0ffff]
Oct 24 19:36:33 localhost kernel: PM: hibernation: Registered nosave memory: [mem 0xfea10000-0xfeb7ffff]
Oct 24 19:36:33 localhost kernel: PM: hibernation: Registered nosave memory: [mem 0xfeb80000-0xfec01fff]
Oct 24 19:36:33 localhost kernel: PM: hibernation: Registered nosave memory: [mem 0xfec02000-0xfec0ffff]
Oct 24 19:36:33 localhost kernel: PM: hibernation: Registered nosave memory: [mem 0xfec10000-0xfec10fff]
Oct 24 19:36:33 localhost kernel: PM: hibernation: Registered nosave memory: [mem 0xfec11000-0xfecfffff]
Oct 24 19:36:33 localhost kernel: PM: hibernation: Registered nosave memory: [mem 0xfed00000-0xfed00fff]
Oct 24 19:36:33 localhost kernel: PM: hibernation: Registered nosave memory: [mem 0xfed01000-0xfed3ffff]
Oct 24 19:36:33 localhost kernel: PM: hibernation: Registered nosave memory: [mem 0xfed40000-0xfed44fff]
Oct 24 19:36:33 localhost kernel: PM: hibernation: Registered nosave memory: [mem 0xfed45000-0xfed7ffff]
Oct 24 19:36:33 localhost kernel: PM: hibernation: Registered nosave memory: [mem 0xfed80000-0xfed8ffff]
Oct 24 19:36:33 localhost kernel: PM: hibernation: Registered nosave memory: [mem 0xfed90000-0xfedc1fff]
Oct 24 19:36:33 localhost kernel: PM: hibernation: Registered nosave memory: [mem 0xfedc2000-0xfedcffff]
Oct 24 19:36:33 localhost kernel: PM: hibernation: Registered nosave memory: [mem 0xfedd0000-0xfedd3fff]
Oct 24 19:36:33 localhost kernel: PM: hibernation: Registered nosave memory: [mem 0xfedd4000-0xfedd5fff]
Oct 24 19:36:33 localhost kernel: PM: hibernation: Registered nosave memory: [mem 0xfedd6000-0xfeffffff]
Oct 24 19:36:33 localhost kernel: PM: hibernation: Registered nosave memory: [mem 0xff000000-0xffffffff]
Oct 24 19:36:33 localhost kernel: [mem 0xd0000000-0xefffffff] available for PCI devices
Oct 24 19:36:33 localhost kernel: Booting paravirtualized kernel on bare hardware
Oct 24 19:36:33 localhost kernel: clocksource: refined-jiffies: mask: 0xffffffff max_cycles: 0xffffffff, max_idle_ns: 3821924579961850 ns
Oct 24 19:36:33 localhost kernel: setup_percpu: NR_CPUS:8192 nr_cpumask_bits:32 nr_cpu_ids:32 nr_node_ids:1
Oct 24 19:36:33 localhost kernel: percpu: Embedded 59 pages/cpu s204800 r8192 d28672 u262144
Oct 24 19:36:33 localhost kernel: pcpu-alloc: s204800 r8192 d28672 u262144 alloc=1*2097152
Oct 24 19:36:33 localhost kernel: pcpu-alloc: [0] 00 01 02 03 04 05 06 07 [0] 08 09 10 11 12 13 14 15 
Oct 24 19:36:33 localhost kernel: pcpu-alloc: [0] 16 17 18 19 20 21 22 23 [0] 24 25 26 27 28 29 30 31 
Oct 24 19:36:33 localhost kernel: Built 1 zonelists, mobility grouping on.  Total pages: 8235717
Oct 24 19:36:33 localhost kernel: Policy zone: Normal
Oct 24 19:36:33 localhost kernel: Kernel command line: BOOT_IMAGE=/boot/vmlinuz-5.14.14-xanmod2-1-default root=UUID=b53e239d-b210-494f-986f-ccc63190e2ec splash=silent quiet mitigations=off processor.max_cstate=5 idle=nomwait nowatchdog ipv6.disable=1
Oct 24 19:36:33 localhost kernel: Unknown command line parameters: BOOT_IMAGE=/boot/vmlinuz-5.14.14-xanmod2-1-default splash=silent
Oct 24 19:36:33 localhost kernel: printk: log_buf_len individual max cpu contribution: 32768 bytes
Oct 24 19:36:33 localhost kernel: printk: log_buf_len total cpu_extra contributions: 1015808 bytes
Oct 24 19:36:33 localhost kernel: printk: log_buf_len min size: 262144 bytes
Oct 24 19:36:33 localhost kernel: printk: log_buf_len: 2097152 bytes
Oct 24 19:36:33 localhost kernel: printk: early log buf free: 243488(92%)
Oct 24 19:36:33 localhost kernel: Dentry cache hash table entries: 4194304 (order: 13, 33554432 bytes, linear)
Oct 24 19:36:33 localhost kernel: Inode-cache hash table entries: 2097152 (order: 12, 16777216 bytes, linear)
Oct 24 19:36:33 localhost kernel: mem auto-init: stack:off, heap alloc:off, heap free:off
Oct 24 19:36:33 localhost kernel: Memory: 3313348K/33466424K available (14344K kernel code, 3234K rwdata, 8824K rodata, 2752K init, 6332K bss, 793172K reserved, 0K cma-reserved)
Oct 24 19:36:33 localhost kernel: random: get_random_u64 called from __kmem_cache_create+0x24/0x520 with crng_init=1
Oct 24 19:36:33 localhost kernel: SLUB: HWalign=64, Order=0-3, MinObjects=0, CPUs=32, Nodes=1
Oct 24 19:36:33 localhost kernel: ftrace: allocating 40456 entries in 159 pages
Oct 24 19:36:33 localhost kernel: ftrace: allocated 159 pages with 6 groups
Oct 24 19:36:33 localhost kernel: rcu: Hierarchical RCU implementation.
Oct 24 19:36:33 localhost kernel: rcu:         RCU event tracing is enabled.
Oct 24 19:36:33 localhost kernel: rcu:         RCU restricting CPUs from NR_CPUS=8192 to nr_cpu_ids=32.
Oct 24 19:36:33 localhost kernel:         Rude variant of Tasks RCU enabled.
Oct 24 19:36:33 localhost kernel:         Tracing variant of Tasks RCU enabled.
Oct 24 19:36:33 localhost kernel: rcu: RCU calculated value of scheduler-enlistment delay is 50 jiffies.
Oct 24 19:36:33 localhost kernel: rcu: Adjusting geometry for rcu_fanout_leaf=16, nr_cpu_ids=32
Oct 24 19:36:33 localhost kernel: NR_IRQS: 524544, nr_irqs: 1224, preallocated irqs: 16
Oct 24 19:36:33 localhost kernel: random: crng done (trusting CPU's manufacturer)
Oct 24 19:36:33 localhost kernel: Console: colour dummy device 80x25
Oct 24 19:36:33 localhost kernel: printk: console [tty0] enabled
Oct 24 19:36:33 localhost kernel: ACPI: Core revision 20210604
Oct 24 19:36:33 localhost kernel: clocksource: hpet: mask: 0xffffffff max_cycles: 0xffffffff, max_idle_ns: 133484873504 ns
Oct 24 19:36:33 localhost kernel: APIC: Switch to symmetric I/O mode setup
Oct 24 19:36:33 localhost kernel: Switched APIC routing to physical flat.
Oct 24 19:36:33 localhost kernel: ..TIMER: vector=0x30 apic1=0 pin1=2 apic2=-1 pin2=-1
Oct 24 19:36:33 localhost kernel: clocksource: tsc-early: mask: 0xffffffffffffffff max_cycles: 0x6aab5d8f64e, max_idle_ns: 881590986809 ns
Oct 24 19:36:33 localhost kernel: Calibrating delay loop (skipped), value calculated using timer frequency.. 7400.18 BogoMIPS (lpj=7400188)
Oct 24 19:36:33 localhost kernel: pid_max: default: 32768 minimum: 301
Oct 24 19:36:33 localhost kernel: LSM: Security Framework initializing
Oct 24 19:36:33 localhost kernel: AppArmor: AppArmor initialized
Oct 24 19:36:33 localhost kernel: Mount-cache hash table entries: 65536 (order: 7, 524288 bytes, linear)
Oct 24 19:36:33 localhost kernel: Mountpoint-cache hash table entries: 65536 (order: 7, 524288 bytes, linear)
Oct 24 19:36:33 localhost kernel: x86/cpu: User Mode Instruction Prevention (UMIP) activated
Oct 24 19:36:33 localhost kernel: LVT offset 1 assigned for vector 0xf9
Oct 24 19:36:33 localhost kernel: LVT offset 2 assigned for vector 0xf4
Oct 24 19:36:33 localhost kernel: Last level iTLB entries: 4KB 512, 2MB 512, 4MB 256
Oct 24 19:36:33 localhost kernel: Last level dTLB entries: 4KB 2048, 2MB 2048, 4MB 1024, 1GB 0
Oct 24 19:36:33 localhost kernel: Speculative Store Bypass: Vulnerable
Oct 24 19:36:33 localhost kernel: Freeing SMP alternatives memory: 36K
Oct 24 19:36:33 localhost kernel: smpboot: CPU0: AMD Ryzen 9 5900X 12-Core Processor (family: 0x19, model: 0x21, stepping: 0x0)
Oct 24 19:36:33 localhost kernel: Performance Events: Fam17h+ core perfctr, AMD PMU driver.
Oct 24 19:36:33 localhost kernel: ... version:                0
Oct 24 19:36:33 localhost kernel: ... bit width:              48
Oct 24 19:36:33 localhost kernel: ... generic registers:      6
Oct 24 19:36:33 localhost kernel: ... value mask:             0000ffffffffffff
Oct 24 19:36:33 localhost kernel: ... max period:             00007fffffffffff
Oct 24 19:36:33 localhost kernel: ... fixed-purpose events:   0
Oct 24 19:36:33 localhost kernel: ... event mask:             000000000000003f
Oct 24 19:36:33 localhost kernel: rcu: Hierarchical SRCU implementation.
Oct 24 19:36:33 localhost kernel: smp: Bringing up secondary CPUs ...
Oct 24 19:36:33 localhost kernel: x86: Booting SMP configuration:
Oct 24 19:36:33 localhost kernel: .... node  #0, CPUs:        #1  #2  #3  #4  #5  #6  #7  #8  #9 #10 #11 #12 #13 #14 #15 #16 #17 #18 #19 #20 #21 #22 #23
Oct 24 19:36:33 localhost kernel: smp: Brought up 1 node, 24 CPUs
Oct 24 19:36:33 localhost kernel: smpboot: Max logical packages: 2
Oct 24 19:36:33 localhost kernel: smpboot: Total of 24 processors activated (177604.51 BogoMIPS)
Oct 24 19:36:33 localhost kernel: node 0 deferred pages initialised in 20ms
Oct 24 19:36:33 localhost kernel: devtmpfs: initialized
Oct 24 19:36:33 localhost kernel: x86/mm: Memory block size: 128MB
Oct 24 19:36:33 localhost kernel: ACPI: PM: Registering ACPI NVS region [mem 0x0a200000-0x0a20dfff] (57344 bytes)
Oct 24 19:36:33 localhost kernel: ACPI: PM: Registering ACPI NVS region [mem 0xca982000-0xcacecfff] (3584000 bytes)
Oct 24 19:36:33 localhost kernel: clocksource: jiffies: mask: 0xffffffff max_cycles: 0xffffffff, max_idle_ns: 3822520892550000 ns
Oct 24 19:36:33 localhost kernel: futex hash table entries: 8192 (order: 7, 524288 bytes, linear)
Oct 24 19:36:33 localhost kernel: futex2 hash table entries: 8192 (order: 5, 196608 bytes, linear)
Oct 24 19:36:33 localhost kernel: pinctrl core: initialized pinctrl subsystem
Oct 24 19:36:33 localhost kernel: PM: RTC time: 17:36:31, date: 2021-10-24
Oct 24 19:36:33 localhost kernel: NET: Registered PF_NETLINK/PF_ROUTE protocol family
Oct 24 19:36:33 localhost kernel: DMA: preallocated 4096 KiB GFP_KERNEL pool for atomic allocations
Oct 24 19:36:33 localhost kernel: DMA: preallocated 4096 KiB GFP_KERNEL|GFP_DMA pool for atomic allocations
Oct 24 19:36:33 localhost kernel: DMA: preallocated 4096 KiB GFP_KERNEL|GFP_DMA32 pool for atomic allocations
Oct 24 19:36:33 localhost kernel: audit: initializing netlink subsys (disabled)
Oct 24 19:36:33 localhost kernel: audit: type=2000 audit(1635096991.196:1): state=initialized audit_enabled=0 res=1
Oct 24 19:36:33 localhost kernel: thermal_sys: Registered thermal governor 'fair_share'
Oct 24 19:36:33 localhost kernel: thermal_sys: Registered thermal governor 'bang_bang'
Oct 24 19:36:33 localhost kernel: thermal_sys: Registered thermal governor 'step_wise'
Oct 24 19:36:33 localhost kernel: thermal_sys: Registered thermal governor 'user_space'
Oct 24 19:36:33 localhost kernel: cpuidle: using governor ladder
Oct 24 19:36:33 localhost kernel: cpuidle: using governor menu
Oct 24 19:36:33 localhost kernel: Detected 1 PCC Subspaces
Oct 24 19:36:33 localhost kernel: Registering PCC driver as Mailbox controller
Oct 24 19:36:33 localhost kernel: ACPI: bus type PCI registered
Oct 24 19:36:33 localhost kernel: acpiphp: ACPI Hot Plug PCI Controller Driver version: 0.5
Oct 24 19:36:33 localhost kernel: PCI: MMCONFIG for domain 0000 [bus 00-7f] at [mem 0xf0000000-0xf7ffffff] (base 0xf0000000)
Oct 24 19:36:33 localhost kernel: PCI: MMCONFIG at [mem 0xf0000000-0xf7ffffff] reserved in E820
Oct 24 19:36:33 localhost kernel: PCI: Using configuration type 1 for base access
Oct 24 19:36:33 localhost kernel: Kprobes globally optimized
Oct 24 19:36:33 localhost kernel: HugeTLB registered 1.00 GiB page size, pre-allocated 0 pages
Oct 24 19:36:33 localhost kernel: HugeTLB registered 2.00 MiB page size, pre-allocated 0 pages
Oct 24 19:36:33 localhost kernel: ACPI: Added _OSI(Module Device)
Oct 24 19:36:33 localhost kernel: ACPI: Added _OSI(Processor Device)
Oct 24 19:36:33 localhost kernel: ACPI: Added _OSI(3.0 _SCP Extensions)
Oct 24 19:36:33 localhost kernel: ACPI: Added _OSI(Processor Aggregator Device)
Oct 24 19:36:33 localhost kernel: ACPI: Added _OSI(Linux-Dell-Video)
Oct 24 19:36:33 localhost kernel: ACPI: Added _OSI(Linux-Lenovo-NV-HDMI-Audio)
Oct 24 19:36:33 localhost kernel: ACPI: Added _OSI(Linux-HPI-Hybrid-Graphics)
Oct 24 19:36:33 localhost kernel: ACPI: 10 ACPI AML tables successfully acquired and loaded
Oct 24 19:36:33 localhost kernel: ACPI: [Firmware Bug]: BIOS _OSI(Linux) query ignored
Oct 24 19:36:33 localhost kernel: ACPI: EC: EC started
Oct 24 19:36:33 localhost kernel: ACPI: EC: interrupt blocked
Oct 24 19:36:33 localhost kernel: ACPI: EC: EC_CMD/EC_SC=0x66, EC_DATA=0x62
Oct 24 19:36:33 localhost kernel: ACPI: \_SB_.PCI0.SBRG.EC0_: Boot DSDT EC used to handle transactions
Oct 24 19:36:33 localhost kernel: ACPI: Interpreter enabled
Oct 24 19:36:33 localhost kernel: ACPI: PM: (supports S0 S3 S4 S5)
Oct 24 19:36:33 localhost kernel: ACPI: Using IOAPIC for interrupt routing
Oct 24 19:36:33 localhost kernel: PCI: Using host bridge windows from ACPI; if necessary, use "pci=nocrs" and report a bug
Oct 24 19:36:33 localhost kernel: ACPI: Enabled 2 GPEs in block 00 to 1F
Oct 24 19:36:33 localhost kernel: ACPI: PCI Root Bridge [PCI0] (domain 0000 [bus 00-ff])
Oct 24 19:36:33 localhost kernel: acpi PNP0A08:00: _OSC: OS supports [ExtendedConfig ASPM ClockPM Segments MSI EDR HPX-Type3]
Oct 24 19:36:33 localhost kernel: acpi PNP0A08:00: _OSC: platform does not support [PCIeHotplug SHPCHotplug PME LTR DPC]
Oct 24 19:36:33 localhost kernel: acpi PNP0A08:00: _OSC: OS now controls [AER PCIeCapability]
Oct 24 19:36:33 localhost kernel: acpi PNP0A08:00: [Firmware Info]: MMCONFIG for domain 0000 [bus 00-7f] only partially covers this bridge
Oct 24 19:36:33 localhost kernel: PCI host bridge to bus 0000:00
Oct 24 19:36:33 localhost kernel: pci_bus 0000:00: root bus resource [io  0x0000-0x03af window]
Oct 24 19:36:33 localhost kernel: pci_bus 0000:00: root bus resource [io  0x03e0-0x0cf7 window]
Oct 24 19:36:33 localhost kernel: pci_bus 0000:00: root bus resource [io  0x03b0-0x03df window]
Oct 24 19:36:33 localhost kernel: pci_bus 0000:00: root bus resource [io  0x0d00-0xffff window]
Oct 24 19:36:33 localhost kernel: pci_bus 0000:00: root bus resource [mem 0x000a0000-0x000bffff window]
Oct 24 19:36:33 localhost kernel: pci_bus 0000:00: root bus resource [mem 0x000c0000-0x000dffff window]
Oct 24 19:36:33 localhost kernel: pci_bus 0000:00: root bus resource [mem 0xd0000000-0xfec02fff window]
Oct 24 19:36:33 localhost kernel: pci_bus 0000:00: root bus resource [mem 0xfee00000-0xffffffff window]
Oct 24 19:36:33 localhost kernel: pci_bus 0000:00: root bus resource [bus 00-ff]
Oct 24 19:36:33 localhost kernel: pci 0000:00:00.0: [1022:1480] type 00 class 0x060000
Oct 24 19:36:33 localhost kernel: pci 0000:00:00.2: [1022:1481] type 00 class 0x080600
Oct 24 19:36:33 localhost kernel: pci 0000:00:01.0: [1022:1482] type 00 class 0x060000
Oct 24 19:36:33 localhost kernel: pci 0000:00:01.1: [1022:1483] type 01 class 0x060400
Oct 24 19:36:33 localhost kernel: pci 0000:00:01.1: enabling Extended Tags
Oct 24 19:36:33 localhost kernel: pci 0000:00:01.1: PME# supported from D0 D3hot D3cold
Oct 24 19:36:33 localhost kernel: pci 0000:00:01.2: [1022:1483] type 01 class 0x060400
Oct 24 19:36:33 localhost kernel: pci 0000:00:01.2: enabling Extended Tags
Oct 24 19:36:33 localhost kernel: pci 0000:00:01.2: PME# supported from D0 D3hot D3cold
Oct 24 19:36:33 localhost kernel: pci 0000:00:02.0: [1022:1482] type 00 class 0x060000
Oct 24 19:36:33 localhost kernel: pci 0000:00:03.0: [1022:1482] type 00 class 0x060000
Oct 24 19:36:33 localhost kernel: pci 0000:00:03.1: [1022:1483] type 01 class 0x060400
Oct 24 19:36:33 localhost kernel: pci 0000:00:03.1: PME# supported from D0 D3hot D3cold
Oct 24 19:36:33 localhost kernel: pci 0000:00:04.0: [1022:1482] type 00 class 0x060000
Oct 24 19:36:33 localhost kernel: pci 0000:00:05.0: [1022:1482] type 00 class 0x060000
Oct 24 19:36:33 localhost kernel: pci 0000:00:07.0: [1022:1482] type 00 class 0x060000
Oct 24 19:36:33 localhost kernel: pci 0000:00:07.1: [1022:1484] type 01 class 0x060400
Oct 24 19:36:33 localhost kernel: pci 0000:00:07.1: enabling Extended Tags
Oct 24 19:36:33 localhost kernel: pci 0000:00:07.1: PME# supported from D0 D3hot D3cold
Oct 24 19:36:33 localhost kernel: pci 0000:00:08.0: [1022:1482] type 00 class 0x060000
Oct 24 19:36:33 localhost kernel: pci 0000:00:08.1: [1022:1484] type 01 class 0x060400
Oct 24 19:36:33 localhost kernel: pci 0000:00:08.1: enabling Extended Tags
Oct 24 19:36:33 localhost kernel: pci 0000:00:08.1: PME# supported from D0 D3hot D3cold
Oct 24 19:36:33 localhost kernel: pci 0000:00:14.0: [1022:790b] type 00 class 0x0c0500
Oct 24 19:36:33 localhost kernel: pci 0000:00:14.3: [1022:790e] type 00 class 0x060100
Oct 24 19:36:33 localhost kernel: pci 0000:00:18.0: [1022:1440] type 00 class 0x060000
Oct 24 19:36:33 localhost kernel: pci 0000:00:18.1: [1022:1441] type 00 class 0x060000
Oct 24 19:36:33 localhost kernel: pci 0000:00:18.2: [1022:1442] type 00 class 0x060000
Oct 24 19:36:33 localhost kernel: pci 0000:00:18.3: [1022:1443] type 00 class 0x060000
Oct 24 19:36:33 localhost kernel: pci 0000:00:18.4: [1022:1444] type 00 class 0x060000
Oct 24 19:36:33 localhost kernel: pci 0000:00:18.5: [1022:1445] type 00 class 0x060000
Oct 24 19:36:33 localhost kernel: pci 0000:00:18.6: [1022:1446] type 00 class 0x060000
Oct 24 19:36:33 localhost kernel: pci 0000:00:18.7: [1022:1447] type 00 class 0x060000
Oct 24 19:36:33 localhost kernel: pci 0000:01:00.0: [144d:a808] type 00 class 0x010802
Oct 24 19:36:33 localhost kernel: pci 0000:01:00.0: reg 0x10: [mem 0xfcf00000-0xfcf03fff 64bit]
Oct 24 19:36:33 localhost kernel: pci 0000:00:01.1: PCI bridge to [bus 01]
Oct 24 19:36:33 localhost kernel: pci 0000:00:01.1:   bridge window [mem 0xfcf00000-0xfcffffff]
Oct 24 19:36:33 localhost kernel: pci 0000:02:00.0: [1022:57ad] type 01 class 0x060400
Oct 24 19:36:33 localhost kernel: pci 0000:02:00.0: enabling Extended Tags
Oct 24 19:36:33 localhost kernel: pci 0000:02:00.0: PME# supported from D0 D3hot D3cold
Oct 24 19:36:33 localhost kernel: pci 0000:02:00.0: 63.012 Gb/s available PCIe bandwidth, limited by 16.0 GT/s PCIe x4 link at 0000:00:01.2 (capable of 126.024 Gb/s with 16.0 GT/s PCIe x8 link)
Oct 24 19:36:33 localhost kernel: pci 0000:00:01.2: PCI bridge to [bus 02-08]
Oct 24 19:36:33 localhost kernel: pci 0000:00:01.2:   bridge window [io  0xf000-0xffff]
Oct 24 19:36:33 localhost kernel: pci 0000:00:01.2:   bridge window [mem 0xfc500000-0xfcafffff]
Oct 24 19:36:33 localhost kernel: pci 0000:03:01.0: [1022:57a3] type 01 class 0x060400
Oct 24 19:36:33 localhost kernel: pci 0000:03:01.0: enabling Extended Tags
Oct 24 19:36:33 localhost kernel: pci 0000:03:01.0: PME# supported from D0 D3hot D3cold
Oct 24 19:36:33 localhost kernel: pci 0000:03:05.0: [1022:57a3] type 01 class 0x060400
Oct 24 19:36:33 localhost kernel: pci 0000:03:05.0: enabling Extended Tags
Oct 24 19:36:33 localhost kernel: pci 0000:03:05.0: PME# supported from D0 D3hot D3cold
Oct 24 19:36:33 localhost kernel: pci 0000:03:08.0: [1022:57a4] type 01 class 0x060400
Oct 24 19:36:33 localhost kernel: pci 0000:03:08.0: enabling Extended Tags
Oct 24 19:36:33 localhost kernel: pci 0000:03:08.0: PME# supported from D0 D3hot D3cold
Oct 24 19:36:33 localhost kernel: pci 0000:03:09.0: [1022:57a4] type 01 class 0x060400
Oct 24 19:36:33 localhost kernel: pci 0000:03:09.0: enabling Extended Tags
Oct 24 19:36:33 localhost kernel: pci 0000:03:09.0: PME# supported from D0 D3hot D3cold
Oct 24 19:36:33 localhost kernel: pci 0000:03:0a.0: [1022:57a4] type 01 class 0x060400
Oct 24 19:36:33 localhost kernel: pci 0000:03:0a.0: enabling Extended Tags
Oct 24 19:36:33 localhost kernel: pci 0000:03:0a.0: PME# supported from D0 D3hot D3cold
Oct 24 19:36:33 localhost kernel: pci 0000:02:00.0: PCI bridge to [bus 03-08]
Oct 24 19:36:33 localhost kernel: pci 0000:02:00.0:   bridge window [io  0xf000-0xffff]
Oct 24 19:36:33 localhost kernel: pci 0000:02:00.0:   bridge window [mem 0xfc500000-0xfcafffff]
Oct 24 19:36:33 localhost kernel: pci 0000:04:00.0: [144d:a808] type 00 class 0x010802
Oct 24 19:36:33 localhost kernel: pci 0000:04:00.0: reg 0x10: [mem 0xfca00000-0xfca03fff 64bit]
Oct 24 19:36:33 localhost kernel: pci 0000:03:01.0: PCI bridge to [bus 04]
Oct 24 19:36:33 localhost kernel: pci 0000:03:01.0:   bridge window [mem 0xfca00000-0xfcafffff]
Oct 24 19:36:33 localhost kernel: pci 0000:05:00.0: [8086:1539] type 00 class 0x020000
Oct 24 19:36:33 localhost kernel: pci 0000:05:00.0: reg 0x10: [mem 0xfc900000-0xfc91ffff]
Oct 24 19:36:33 localhost kernel: pci 0000:05:00.0: reg 0x18: [io  0xf000-0xf01f]
Oct 24 19:36:33 localhost kernel: pci 0000:05:00.0: reg 0x1c: [mem 0xfc920000-0xfc923fff]
Oct 24 19:36:33 localhost kernel: pci 0000:05:00.0: PME# supported from D0 D3hot D3cold
Oct 24 19:36:33 localhost kernel: pci 0000:03:05.0: PCI bridge to [bus 05]
Oct 24 19:36:33 localhost kernel: pci 0000:03:05.0:   bridge window [io  0xf000-0xffff]
Oct 24 19:36:33 localhost kernel: pci 0000:03:05.0:   bridge window [mem 0xfc900000-0xfc9fffff]
Oct 24 19:36:33 localhost kernel: pci 0000:06:00.0: [1022:1485] type 00 class 0x130000
Oct 24 19:36:33 localhost kernel: pci 0000:06:00.0: enabling Extended Tags
Oct 24 19:36:33 localhost kernel: pci 0000:06:00.0: 63.012 Gb/s available PCIe bandwidth, limited by 16.0 GT/s PCIe x4 link at 0000:00:01.2 (capable of 252.048 Gb/s with 16.0 GT/s PCIe x16 link)
Oct 24 19:36:33 localhost kernel: pci 0000:06:00.1: [1022:149c] type 00 class 0x0c0330
Oct 24 19:36:33 localhost kernel: pci 0000:06:00.1: reg 0x10: [mem 0xfc600000-0xfc6fffff 64bit]
Oct 24 19:36:33 localhost kernel: pci 0000:06:00.1: enabling Extended Tags
Oct 24 19:36:33 localhost kernel: pci 0000:06:00.1: PME# supported from D0 D3hot D3cold
Oct 24 19:36:33 localhost kernel: pci 0000:06:00.3: [1022:149c] type 00 class 0x0c0330
Oct 24 19:36:33 localhost kernel: pci 0000:06:00.3: reg 0x10: [mem 0xfc500000-0xfc5fffff 64bit]
Oct 24 19:36:33 localhost kernel: pci 0000:06:00.3: enabling Extended Tags
Oct 24 19:36:33 localhost kernel: pci 0000:06:00.3: PME# supported from D0 D3hot D3cold
Oct 24 19:36:33 localhost kernel: pci 0000:03:08.0: PCI bridge to [bus 06]
Oct 24 19:36:33 localhost kernel: pci 0000:03:08.0:   bridge window [mem 0xfc500000-0xfc6fffff]
Oct 24 19:36:33 localhost kernel: pci 0000:07:00.0: [1022:7901] type 00 class 0x010601
Oct 24 19:36:33 localhost kernel: pci 0000:07:00.0: reg 0x24: [mem 0xfc800000-0xfc8007ff]
Oct 24 19:36:33 localhost kernel: pci 0000:07:00.0: enabling Extended Tags
Oct 24 19:36:33 localhost kernel: pci 0000:07:00.0: PME# supported from D3hot D3cold
Oct 24 19:36:33 localhost kernel: pci 0000:07:00.0: 63.012 Gb/s available PCIe bandwidth, limited by 16.0 GT/s PCIe x4 link at 0000:00:01.2 (capable of 252.048 Gb/s with 16.0 GT/s PCIe x16 link)
Oct 24 19:36:33 localhost kernel: pci 0000:03:09.0: PCI bridge to [bus 07]
Oct 24 19:36:33 localhost kernel: pci 0000:03:09.0:   bridge window [mem 0xfc800000-0xfc8fffff]
Oct 24 19:36:33 localhost kernel: pci 0000:08:00.0: [1022:7901] type 00 class 0x010601
Oct 24 19:36:33 localhost kernel: pci 0000:08:00.0: reg 0x24: [mem 0xfc700000-0xfc7007ff]
Oct 24 19:36:33 localhost kernel: pci 0000:08:00.0: enabling Extended Tags
Oct 24 19:36:33 localhost kernel: pci 0000:08:00.0: PME# supported from D3hot D3cold
Oct 24 19:36:33 localhost kernel: pci 0000:08:00.0: 63.012 Gb/s available PCIe bandwidth, limited by 16.0 GT/s PCIe x4 link at 0000:00:01.2 (capable of 252.048 Gb/s with 16.0 GT/s PCIe x16 link)
Oct 24 19:36:33 localhost kernel: pci 0000:03:0a.0: PCI bridge to [bus 08]
Oct 24 19:36:33 localhost kernel: pci 0000:03:0a.0:   bridge window [mem 0xfc700000-0xfc7fffff]
Oct 24 19:36:33 localhost kernel: pci 0000:09:00.0: [1002:67df] type 00 class 0x030000
Oct 24 19:36:33 localhost kernel: pci 0000:09:00.0: reg 0x10: [mem 0xd0000000-0xdfffffff 64bit pref]
Oct 24 19:36:33 localhost kernel: pci 0000:09:00.0: reg 0x18: [mem 0xe0000000-0xe01fffff 64bit pref]
Oct 24 19:36:33 localhost kernel: pci 0000:09:00.0: reg 0x20: [io  0xe000-0xe0ff]
Oct 24 19:36:33 localhost kernel: pci 0000:09:00.0: reg 0x24: [mem 0xfce00000-0xfce3ffff]
Oct 24 19:36:33 localhost kernel: pci 0000:09:00.0: reg 0x30: [mem 0xfce40000-0xfce5ffff pref]
Oct 24 19:36:33 localhost kernel: pci 0000:09:00.0: BAR 0: assigned to efifb
Oct 24 19:36:33 localhost kernel: pci 0000:09:00.0: supports D1 D2
Oct 24 19:36:33 localhost kernel: pci 0000:09:00.0: PME# supported from D1 D2 D3hot D3cold
Oct 24 19:36:33 localhost kernel: pci 0000:09:00.1: [1002:aaf0] type 00 class 0x040300
Oct 24 19:36:33 localhost kernel: pci 0000:09:00.1: reg 0x10: [mem 0xfce60000-0xfce63fff 64bit]
Oct 24 19:36:33 localhost kernel: pci 0000:09:00.1: supports D1 D2
Oct 24 19:36:33 localhost kernel: pci 0000:00:03.1: PCI bridge to [bus 09]
Oct 24 19:36:33 localhost kernel: pci 0000:00:03.1:   bridge window [io  0xe000-0xefff]
Oct 24 19:36:33 localhost kernel: pci 0000:00:03.1:   bridge window [mem 0xfce00000-0xfcefffff]
Oct 24 19:36:33 localhost kernel: pci 0000:00:03.1:   bridge window [mem 0xd0000000-0xe01fffff 64bit pref]
Oct 24 19:36:33 localhost kernel: pci 0000:0a:00.0: [1022:148a] type 00 class 0x130000
Oct 24 19:36:33 localhost kernel: pci 0000:0a:00.0: enabling Extended Tags
Oct 24 19:36:33 localhost kernel: pci 0000:00:07.1: PCI bridge to [bus 0a]
Oct 24 19:36:33 localhost kernel: pci 0000:0b:00.0: [1022:1485] type 00 class 0x130000
Oct 24 19:36:33 localhost kernel: pci 0000:0b:00.0: enabling Extended Tags
Oct 24 19:36:33 localhost kernel: pci 0000:0b:00.1: [1022:1486] type 00 class 0x108000
Oct 24 19:36:33 localhost kernel: pci 0000:0b:00.1: reg 0x18: [mem 0xfcc00000-0xfccfffff]
Oct 24 19:36:33 localhost kernel: pci 0000:0b:00.1: reg 0x24: [mem 0xfcd00000-0xfcd01fff]
Oct 24 19:36:33 localhost kernel: pci 0000:0b:00.1: enabling Extended Tags
Oct 24 19:36:33 localhost kernel: pci 0000:0b:00.3: [1022:149c] type 00 class 0x0c0330
Oct 24 19:36:33 localhost kernel: pci 0000:0b:00.3: reg 0x10: [mem 0xfcb00000-0xfcbfffff 64bit]
Oct 24 19:36:33 localhost kernel: pci 0000:0b:00.3: enabling Extended Tags
Oct 24 19:36:33 localhost kernel: pci 0000:0b:00.3: PME# supported from D0 D3hot D3cold
Oct 24 19:36:33 localhost kernel: pci 0000:00:08.1: PCI bridge to [bus 0b]
Oct 24 19:36:33 localhost kernel: pci 0000:00:08.1:   bridge window [mem 0xfcb00000-0xfcdfffff]
Oct 24 19:36:33 localhost kernel: ACPI: PCI: Interrupt link LNKA configured for IRQ 0
Oct 24 19:36:33 localhost kernel: ACPI: PCI: Interrupt link LNKB configured for IRQ 0
Oct 24 19:36:33 localhost kernel: ACPI: PCI: Interrupt link LNKC configured for IRQ 0
Oct 24 19:36:33 localhost kernel: ACPI: PCI: Interrupt link LNKD configured for IRQ 0
Oct 24 19:36:33 localhost kernel: ACPI: PCI: Interrupt link LNKE configured for IRQ 0
Oct 24 19:36:33 localhost kernel: ACPI: PCI: Interrupt link LNKF configured for IRQ 0
Oct 24 19:36:33 localhost kernel: ACPI: PCI: Interrupt link LNKG configured for IRQ 0
Oct 24 19:36:33 localhost kernel: ACPI: PCI: Interrupt link LNKH configured for IRQ 0
Oct 24 19:36:33 localhost kernel: ACPI: EC: interrupt unblocked
Oct 24 19:36:33 localhost kernel: ACPI: EC: event unblocked
Oct 24 19:36:33 localhost kernel: ACPI: EC: EC_CMD/EC_SC=0x66, EC_DATA=0x62
Oct 24 19:36:33 localhost kernel: ACPI: EC: GPE=0x2
Oct 24 19:36:33 localhost kernel: ACPI: \_SB_.PCI0.SBRG.EC0_: Boot DSDT EC initialization complete
Oct 24 19:36:33 localhost kernel: ACPI: \_SB_.PCI0.SBRG.EC0_: EC: Used to handle transactions and events
Oct 24 19:36:33 localhost kernel: iommu: Default domain type: Passthrough 
Oct 24 19:36:33 localhost kernel: SCSI subsystem initialized
Oct 24 19:36:33 localhost kernel: libata version 3.00 loaded.
Oct 24 19:36:33 localhost kernel: pci 0000:09:00.0: vgaarb: VGA device added: decodes=io+mem,owns=none,locks=none
Oct 24 19:36:33 localhost kernel: pci 0000:09:00.0: vgaarb: bridge control possible
Oct 24 19:36:33 localhost kernel: pci 0000:09:00.0: vgaarb: setting as boot device
Oct 24 19:36:33 localhost kernel: vgaarb: loaded
Oct 24 19:36:33 localhost kernel: pps_core: LinuxPPS API ver. 1 registered
Oct 24 19:36:33 localhost kernel: pps_core: Software ver. 5.3.6 - Copyright 2005-2007 Rodolfo Giometti <giometti@linux.it>
Oct 24 19:36:33 localhost kernel: PTP clock support registered
Oct 24 19:36:33 localhost kernel: EDAC MC: Ver: 3.0.0
Oct 24 19:36:33 localhost kernel: Registered efivars operations
Oct 24 19:36:33 localhost kernel: NetLabel: Initializing
Oct 24 19:36:33 localhost kernel: NetLabel:  domain hash size = 128
Oct 24 19:36:33 localhost kernel: NetLabel:  protocols = UNLABELED CIPSOv4 CALIPSO
Oct 24 19:36:33 localhost kernel: NetLabel:  unlabeled traffic allowed by default
Oct 24 19:36:33 localhost kernel: PCI: Using ACPI for IRQ routing
Oct 24 19:36:33 localhost kernel: PCI: pci_cache_line_size set to 64 bytes
Oct 24 19:36:33 localhost kernel: e820: reserve RAM buffer [mem 0x09d1f000-0x0bffffff]
Oct 24 19:36:33 localhost kernel: e820: reserve RAM buffer [mem 0x0a200000-0x0bffffff]
Oct 24 19:36:33 localhost kernel: e820: reserve RAM buffer [mem 0x905e5018-0x93ffffff]
Oct 24 19:36:33 localhost kernel: e820: reserve RAM buffer [mem 0x90603018-0x93ffffff]
Oct 24 19:36:33 localhost kernel: e820: reserve RAM buffer [mem 0xc3279000-0xc3ffffff]
Oct 24 19:36:33 localhost kernel: e820: reserve RAM buffer [mem 0xc66a1000-0xc7ffffff]
Oct 24 19:36:33 localhost kernel: e820: reserve RAM buffer [mem 0xc901f000-0xcbffffff]
Oct 24 19:36:33 localhost kernel: e820: reserve RAM buffer [mem 0xca45e000-0xcbffffff]
Oct 24 19:36:33 localhost kernel: e820: reserve RAM buffer [mem 0xcd000000-0xcfffffff]
Oct 24 19:36:33 localhost kernel: e820: reserve RAM buffer [mem 0x82f300000-0x82fffffff]
Oct 24 19:36:33 localhost kernel: hpet0: at MMIO 0xfed00000, IRQs 2, 8, 0
Oct 24 19:36:33 localhost kernel: hpet0: 3 comparators, 32-bit 14.318180 MHz counter
Oct 24 19:36:33 localhost kernel: clocksource: Switched to clocksource tsc-early
Oct 24 19:36:33 localhost kernel: VFS: Disk quotas dquot_6.6.0
Oct 24 19:36:33 localhost kernel: VFS: Dquot-cache hash table entries: 512 (order 0, 4096 bytes)
Oct 24 19:36:33 localhost kernel: AppArmor: AppArmor Filesystem Enabled
Oct 24 19:36:33 localhost kernel: pnp: PnP ACPI init
Oct 24 19:36:33 localhost kernel: system 00:00: [mem 0xf0000000-0xf7ffffff] has been reserved
Oct 24 19:36:33 localhost kernel: system 00:01: [mem 0xfd100000-0xfd1fffff] has been reserved
Oct 24 19:36:33 localhost kernel: system 00:03: [io  0x0290-0x029f] has been reserved
Oct 24 19:36:33 localhost kernel: system 00:03: [io  0x0200-0x021f] has been reserved
Oct 24 19:36:33 localhost kernel: system 00:04: [io  0x04d0-0x04d1] has been reserved
Oct 24 19:36:33 localhost kernel: system 00:04: [io  0x040b] has been reserved
Oct 24 19:36:33 localhost kernel: system 00:04: [io  0x04d6] has been reserved
Oct 24 19:36:33 localhost kernel: system 00:04: [io  0x0c00-0x0c01] has been reserved
Oct 24 19:36:33 localhost kernel: system 00:04: [io  0x0c14] has been reserved
Oct 24 19:36:33 localhost kernel: system 00:04: [io  0x0c50-0x0c51] has been reserved
Oct 24 19:36:33 localhost kernel: system 00:04: [io  0x0c52] has been reserved
Oct 24 19:36:33 localhost kernel: system 00:04: [io  0x0c6c] has been reserved
Oct 24 19:36:33 localhost kernel: system 00:04: [io  0x0c6f] has been reserved
Oct 24 19:36:33 localhost kernel: system 00:04: [io  0x0cd8-0x0cdf] has been reserved
Oct 24 19:36:33 localhost kernel: system 00:04: [io  0x0800-0x089f] has been reserved
Oct 24 19:36:33 localhost kernel: system 00:04: [io  0x0b00-0x0b0f] has been reserved
Oct 24 19:36:33 localhost kernel: system 00:04: [io  0x0b20-0x0b3f] has been reserved
Oct 24 19:36:33 localhost kernel: system 00:04: [io  0x0900-0x090f] has been reserved
Oct 24 19:36:33 localhost kernel: system 00:04: [io  0x0910-0x091f] has been reserved
Oct 24 19:36:33 localhost kernel: system 00:04: [mem 0xfec00000-0xfec00fff] could not be reserved
Oct 24 19:36:33 localhost kernel: system 00:04: [mem 0xfec01000-0xfec01fff] could not be reserved
Oct 24 19:36:33 localhost kernel: system 00:04: [mem 0xfedc0000-0xfedc0fff] has been reserved
Oct 24 19:36:33 localhost kernel: system 00:04: [mem 0xfee00000-0xfee00fff] has been reserved
Oct 24 19:36:33 localhost kernel: system 00:04: [mem 0xfed80000-0xfed8ffff] could not be reserved
Oct 24 19:36:33 localhost kernel: system 00:04: [mem 0xfec10000-0xfec10fff] has been reserved
Oct 24 19:36:33 localhost kernel: system 00:04: [mem 0xff000000-0xffffffff] has been reserved
Oct 24 19:36:33 localhost kernel: pnp: PnP ACPI: found 5 devices
Oct 24 19:36:33 localhost kernel: clocksource: acpi_pm: mask: 0xffffff max_cycles: 0xffffff, max_idle_ns: 2085701024 ns
Oct 24 19:36:33 localhost kernel: NET: Registered PF_INET protocol family
Oct 24 19:36:33 localhost kernel: IP idents hash table entries: 262144 (order: 9, 2097152 bytes, linear)
Oct 24 19:36:33 localhost kernel: tcp_listen_portaddr_hash hash table entries: 16384 (order: 6, 262144 bytes, linear)
Oct 24 19:36:33 localhost kernel: TCP established hash table entries: 262144 (order: 9, 2097152 bytes, linear)
Oct 24 19:36:33 localhost kernel: TCP bind hash table entries: 65536 (order: 8, 1048576 bytes, linear)
Oct 24 19:36:33 localhost kernel: TCP: Hash tables configured (established 262144 bind 65536)
Oct 24 19:36:33 localhost kernel: MPTCP token hash table entries: 32768 (order: 7, 786432 bytes, linear)
Oct 24 19:36:33 localhost kernel: UDP hash table entries: 16384 (order: 7, 524288 bytes, linear)
Oct 24 19:36:33 localhost kernel: UDP-Lite hash table entries: 16384 (order: 7, 524288 bytes, linear)
Oct 24 19:36:33 localhost kernel: NET: Registered PF_UNIX/PF_LOCAL protocol family
Oct 24 19:36:33 localhost kernel: NET: Registered PF_XDP protocol family
Oct 24 19:36:33 localhost kernel: pci 0000:00:01.1: PCI bridge to [bus 01]
Oct 24 19:36:33 localhost kernel: pci 0000:00:01.1:   bridge window [mem 0xfcf00000-0xfcffffff]
Oct 24 19:36:33 localhost kernel: pci 0000:03:01.0: PCI bridge to [bus 04]
Oct 24 19:36:33 localhost kernel: pci 0000:03:01.0:   bridge window [mem 0xfca00000-0xfcafffff]
Oct 24 19:36:33 localhost kernel: pci 0000:03:05.0: PCI bridge to [bus 05]
Oct 24 19:36:33 localhost kernel: pci 0000:03:05.0:   bridge window [io  0xf000-0xffff]
Oct 24 19:36:33 localhost kernel: pci 0000:03:05.0:   bridge window [mem 0xfc900000-0xfc9fffff]
Oct 24 19:36:33 localhost kernel: pci 0000:03:08.0: PCI bridge to [bus 06]
Oct 24 19:36:33 localhost kernel: pci 0000:03:08.0:   bridge window [mem 0xfc500000-0xfc6fffff]
Oct 24 19:36:33 localhost kernel: pci 0000:03:09.0: PCI bridge to [bus 07]
Oct 24 19:36:33 localhost kernel: pci 0000:03:09.0:   bridge window [mem 0xfc800000-0xfc8fffff]
Oct 24 19:36:33 localhost kernel: pci 0000:03:0a.0: PCI bridge to [bus 08]
Oct 24 19:36:33 localhost kernel: pci 0000:03:0a.0:   bridge window [mem 0xfc700000-0xfc7fffff]
Oct 24 19:36:33 localhost kernel: pci 0000:02:00.0: PCI bridge to [bus 03-08]
Oct 24 19:36:33 localhost kernel: pci 0000:02:00.0:   bridge window [io  0xf000-0xffff]
Oct 24 19:36:33 localhost kernel: pci 0000:02:00.0:   bridge window [mem 0xfc500000-0xfcafffff]
Oct 24 19:36:33 localhost kernel: pci 0000:00:01.2: PCI bridge to [bus 02-08]
Oct 24 19:36:33 localhost kernel: pci 0000:00:01.2:   bridge window [io  0xf000-0xffff]
Oct 24 19:36:33 localhost kernel: pci 0000:00:01.2:   bridge window [mem 0xfc500000-0xfcafffff]
Oct 24 19:36:33 localhost kernel: pci 0000:00:03.1: PCI bridge to [bus 09]
Oct 24 19:36:33 localhost kernel: pci 0000:00:03.1:   bridge window [io  0xe000-0xefff]
Oct 24 19:36:33 localhost kernel: pci 0000:00:03.1:   bridge window [mem 0xfce00000-0xfcefffff]
Oct 24 19:36:33 localhost kernel: pci 0000:00:03.1:   bridge window [mem 0xd0000000-0xe01fffff 64bit pref]
Oct 24 19:36:33 localhost kernel: pci 0000:00:07.1: PCI bridge to [bus 0a]
Oct 24 19:36:33 localhost kernel: pci 0000:00:08.1: PCI bridge to [bus 0b]
Oct 24 19:36:33 localhost kernel: pci 0000:00:08.1:   bridge window [mem 0xfcb00000-0xfcdfffff]
Oct 24 19:36:33 localhost kernel: pci_bus 0000:00: resource 4 [io  0x0000-0x03af window]
Oct 24 19:36:33 localhost kernel: pci_bus 0000:00: resource 5 [io  0x03e0-0x0cf7 window]
Oct 24 19:36:33 localhost kernel: pci_bus 0000:00: resource 6 [io  0x03b0-0x03df window]
Oct 24 19:36:33 localhost kernel: pci_bus 0000:00: resource 7 [io  0x0d00-0xffff window]
Oct 24 19:36:33 localhost kernel: pci_bus 0000:00: resource 8 [mem 0x000a0000-0x000bffff window]
Oct 24 19:36:33 localhost kernel: pci_bus 0000:00: resource 9 [mem 0x000c0000-0x000dffff window]
Oct 24 19:36:33 localhost kernel: pci_bus 0000:00: resource 10 [mem 0xd0000000-0xfec02fff window]
Oct 24 19:36:33 localhost kernel: pci_bus 0000:00: resource 11 [mem 0xfee00000-0xffffffff window]
Oct 24 19:36:33 localhost kernel: pci_bus 0000:01: resource 1 [mem 0xfcf00000-0xfcffffff]
Oct 24 19:36:33 localhost kernel: pci_bus 0000:02: resource 0 [io  0xf000-0xffff]
Oct 24 19:36:33 localhost kernel: pci_bus 0000:02: resource 1 [mem 0xfc500000-0xfcafffff]
Oct 24 19:36:33 localhost kernel: pci_bus 0000:03: resource 0 [io  0xf000-0xffff]
Oct 24 19:36:33 localhost kernel: pci_bus 0000:03: resource 1 [mem 0xfc500000-0xfcafffff]
Oct 24 19:36:33 localhost kernel: pci_bus 0000:04: resource 1 [mem 0xfca00000-0xfcafffff]
Oct 24 19:36:33 localhost kernel: pci_bus 0000:05: resource 0 [io  0xf000-0xffff]
Oct 24 19:36:33 localhost kernel: pci_bus 0000:05: resource 1 [mem 0xfc900000-0xfc9fffff]
Oct 24 19:36:33 localhost kernel: pci_bus 0000:06: resource 1 [mem 0xfc500000-0xfc6fffff]
Oct 24 19:36:33 localhost kernel: pci_bus 0000:07: resource 1 [mem 0xfc800000-0xfc8fffff]
Oct 24 19:36:33 localhost kernel: pci_bus 0000:08: resource 1 [mem 0xfc700000-0xfc7fffff]
Oct 24 19:36:33 localhost kernel: pci_bus 0000:09: resource 0 [io  0xe000-0xefff]
Oct 24 19:36:33 localhost kernel: pci_bus 0000:09: resource 1 [mem 0xfce00000-0xfcefffff]
Oct 24 19:36:33 localhost kernel: pci_bus 0000:09: resource 2 [mem 0xd0000000-0xe01fffff 64bit pref]
Oct 24 19:36:33 localhost kernel: pci_bus 0000:0b: resource 1 [mem 0xfcb00000-0xfcdfffff]
Oct 24 19:36:33 localhost kernel: pci 0000:09:00.1: D0 power state depends on 0000:09:00.0
Oct 24 19:36:33 localhost kernel: PCI: CLS 64 bytes, default 64
Oct 24 19:36:33 localhost kernel: pci 0000:00:00.2: AMD-Vi: IOMMU performance counters supported
Oct 24 19:36:33 localhost kernel: AMD-Vi: Lazy IO/TLB flushing enabled
Oct 24 19:36:33 localhost kernel: pci 0000:00:01.0: Adding to iommu group 0
Oct 24 19:36:33 localhost kernel: Unpacking initramfs...
Oct 24 19:36:33 localhost kernel: pci 0000:00:01.1: Adding to iommu group 1
Oct 24 19:36:33 localhost kernel: pci 0000:00:01.2: Adding to iommu group 2
Oct 24 19:36:33 localhost kernel: pci 0000:00:02.0: Adding to iommu group 3
Oct 24 19:36:33 localhost kernel: pci 0000:00:03.0: Adding to iommu group 4
Oct 24 19:36:33 localhost kernel: pci 0000:00:03.1: Adding to iommu group 5
Oct 24 19:36:33 localhost kernel: pci 0000:00:04.0: Adding to iommu group 6
Oct 24 19:36:33 localhost kernel: pci 0000:00:05.0: Adding to iommu group 7
Oct 24 19:36:33 localhost kernel: pci 0000:00:07.0: Adding to iommu group 8
Oct 24 19:36:33 localhost kernel: pci 0000:00:07.1: Adding to iommu group 9
Oct 24 19:36:33 localhost kernel: pci 0000:00:08.0: Adding to iommu group 10
Oct 24 19:36:33 localhost kernel: pci 0000:00:08.1: Adding to iommu group 11
Oct 24 19:36:33 localhost kernel: pci 0000:00:14.0: Adding to iommu group 12
Oct 24 19:36:33 localhost kernel: pci 0000:00:14.3: Adding to iommu group 12
Oct 24 19:36:33 localhost kernel: pci 0000:00:18.0: Adding to iommu group 13
Oct 24 19:36:33 localhost kernel: pci 0000:00:18.1: Adding to iommu group 13
Oct 24 19:36:33 localhost kernel: pci 0000:00:18.2: Adding to iommu group 13
Oct 24 19:36:33 localhost kernel: pci 0000:00:18.3: Adding to iommu group 13
Oct 24 19:36:33 localhost kernel: pci 0000:00:18.4: Adding to iommu group 13
Oct 24 19:36:33 localhost kernel: pci 0000:00:18.5: Adding to iommu group 13
Oct 24 19:36:33 localhost kernel: pci 0000:00:18.6: Adding to iommu group 13
Oct 24 19:36:33 localhost kernel: pci 0000:00:18.7: Adding to iommu group 13
Oct 24 19:36:33 localhost kernel: pci 0000:01:00.0: Adding to iommu group 14
Oct 24 19:36:33 localhost kernel: pci 0000:02:00.0: Adding to iommu group 15
Oct 24 19:36:33 localhost kernel: pci 0000:03:01.0: Adding to iommu group 16
Oct 24 19:36:33 localhost kernel: pci 0000:03:05.0: Adding to iommu group 17
Oct 24 19:36:33 localhost kernel: pci 0000:03:08.0: Adding to iommu group 18
Oct 24 19:36:33 localhost kernel: pci 0000:03:09.0: Adding to iommu group 19
Oct 24 19:36:33 localhost kernel: pci 0000:03:0a.0: Adding to iommu group 20
Oct 24 19:36:33 localhost kernel: pci 0000:04:00.0: Adding to iommu group 21
Oct 24 19:36:33 localhost kernel: pci 0000:05:00.0: Adding to iommu group 22
Oct 24 19:36:33 localhost kernel: pci 0000:06:00.0: Adding to iommu group 18
Oct 24 19:36:33 localhost kernel: pci 0000:06:00.1: Adding to iommu group 18
Oct 24 19:36:33 localhost kernel: pci 0000:06:00.3: Adding to iommu group 18
Oct 24 19:36:33 localhost kernel: pci 0000:07:00.0: Adding to iommu group 19
Oct 24 19:36:33 localhost kernel: pci 0000:08:00.0: Adding to iommu group 20
Oct 24 19:36:33 localhost kernel: pci 0000:09:00.0: Adding to iommu group 23
Oct 24 19:36:33 localhost kernel: pci 0000:09:00.1: Adding to iommu group 23
Oct 24 19:36:33 localhost kernel: pci 0000:0a:00.0: Adding to iommu group 24
Oct 24 19:36:33 localhost kernel: pci 0000:0b:00.0: Adding to iommu group 25
Oct 24 19:36:33 localhost kernel: pci 0000:0b:00.1: Adding to iommu group 26
Oct 24 19:36:33 localhost kernel: pci 0000:0b:00.3: Adding to iommu group 27
Oct 24 19:36:33 localhost kernel: pci 0000:00:00.2: AMD-Vi: Found IOMMU cap 0x40
Oct 24 19:36:33 localhost kernel: AMD-Vi: Extended features (0x58f77ef22294a5a): PPR NX GT IA PC GA_vAPIC
Oct 24 19:36:33 localhost kernel: AMD-Vi: Interrupt remapping enabled
Oct 24 19:36:33 localhost kernel: PCI-DMA: Using software bounce buffering for IO (SWIOTLB)
Oct 24 19:36:33 localhost kernel: software IO TLB: mapped [mem 0x00000000bd8e1000-0x00000000c18e1000] (64MB)
Oct 24 19:36:33 localhost kernel: RAPL PMU: API unit is 2^-32 Joules, 1 fixed counters, 163840 ms ovfl timer
Oct 24 19:36:33 localhost kernel: RAPL PMU: hw unit of domain package 2^-16 Joules
Oct 24 19:36:33 localhost kernel: amd_uncore: 4  amd_df counters detected
Oct 24 19:36:33 localhost kernel: amd_uncore: 6  amd_l3 counters detected
Oct 24 19:36:33 localhost kernel: LVT offset 0 assigned for vector 0x400
Oct 24 19:36:33 localhost kernel: perf: AMD IBS detected (0x000003ff)
Oct 24 19:36:33 localhost kernel: perf/amd_iommu: Detected AMD IOMMU #0 (2 banks, 4 counters/bank).
Oct 24 19:36:33 localhost kernel: Initialise system trusted keyrings
Oct 24 19:36:33 localhost kernel: Key type blacklist registered
Oct 24 19:36:33 localhost kernel: workingset: timestamp_bits=36 max_order=23 bucket_order=0
Oct 24 19:36:33 localhost kernel: zbud: loaded
Oct 24 19:36:33 localhost kernel: integrity: Platform Keyring initialized
Oct 24 19:36:33 localhost kernel: Key type asymmetric registered
Oct 24 19:36:33 localhost kernel: Asymmetric key parser 'x509' registered
Oct 24 19:36:33 localhost kernel: Block layer SCSI generic (bsg) driver version 0.4 loaded (major 247)
Oct 24 19:36:33 localhost kernel: io scheduler mq-deadline registered
Oct 24 19:36:33 localhost kernel: io scheduler kyber registered
Oct 24 19:36:33 localhost kernel: io scheduler bfq registered
Oct 24 19:36:33 localhost kernel: pcieport 0000:00:01.1: AER: enabled with IRQ 27
Oct 24 19:36:33 localhost kernel: pcieport 0000:00:01.2: AER: enabled with IRQ 28
Oct 24 19:36:33 localhost kernel: pcieport 0000:00:03.1: AER: enabled with IRQ 29
Oct 24 19:36:33 localhost kernel: pcieport 0000:00:07.1: AER: enabled with IRQ 31
Oct 24 19:36:33 localhost kernel: pcieport 0000:00:08.1: AER: enabled with IRQ 32
Oct 24 19:36:33 localhost kernel: shpchp: Standard Hot Plug PCI Controller Driver version: 0.4
Oct 24 19:36:33 localhost kernel: efifb: probing for efifb
Oct 24 19:36:33 localhost kernel: efifb: framebuffer at 0xd0000000, using 3072k, total 3072k
Oct 24 19:36:33 localhost kernel: efifb: mode is 1024x768x32, linelength=4096, pages=1
Oct 24 19:36:33 localhost kernel: efifb: scrolling: redraw
Oct 24 19:36:33 localhost kernel: efifb: Truecolor: size=8:8:8:8, shift=24:16:8:0
Oct 24 19:36:33 localhost kernel: Console: switching to colour frame buffer device 128x48
Oct 24 19:36:33 localhost kernel: fb0: EFI VGA frame buffer device
Oct 24 19:36:33 localhost kernel: smpboot: Estimated ratio of average max frequency by base frequency (times 1024): 1197
Oct 24 19:36:33 localhost kernel: Monitor-Mwait will be used to enter C-1 state
Oct 24 19:36:33 localhost kernel: ACPI: \_PR_.C000: Found 2 idle states
Oct 24 19:36:33 localhost kernel: ACPI: \_PR_.C002: Found 2 idle states
Oct 24 19:36:33 localhost kernel: ACPI: \_PR_.C004: Found 2 idle states
Oct 24 19:36:33 localhost kernel: ACPI: \_PR_.C006: Found 2 idle states
Oct 24 19:36:33 localhost kernel: ACPI: \_PR_.C008: Found 2 idle states
Oct 24 19:36:33 localhost kernel: ACPI: \_PR_.C00A: Found 2 idle states
Oct 24 19:36:33 localhost kernel: ACPI: \_PR_.C00C: Found 2 idle states
Oct 24 19:36:33 localhost kernel: ACPI: \_PR_.C00E: Found 2 idle states
Oct 24 19:36:33 localhost kernel: ACPI: \_PR_.C010: Found 2 idle states
Oct 24 19:36:33 localhost kernel: ACPI: \_PR_.C012: Found 2 idle states
Oct 24 19:36:33 localhost kernel: ACPI: \_PR_.C014: Found 2 idle states
Oct 24 19:36:33 localhost kernel: ACPI: \_PR_.C016: Found 2 idle states
Oct 24 19:36:33 localhost kernel: ACPI: \_PR_.C001: Found 2 idle states
Oct 24 19:36:33 localhost kernel: ACPI: \_PR_.C003: Found 2 idle states
Oct 24 19:36:33 localhost kernel: ACPI: \_PR_.C005: Found 2 idle states
Oct 24 19:36:33 localhost kernel: ACPI: \_PR_.C007: Found 2 idle states
Oct 24 19:36:33 localhost kernel: ACPI: \_PR_.C009: Found 2 idle states
Oct 24 19:36:33 localhost kernel: ACPI: \_PR_.C00B: Found 2 idle states
Oct 24 19:36:33 localhost kernel: ACPI: \_PR_.C00D: Found 2 idle states
Oct 24 19:36:33 localhost kernel: ACPI: \_PR_.C00F: Found 2 idle states
Oct 24 19:36:33 localhost kernel: ACPI: \_PR_.C011: Found 2 idle states
Oct 24 19:36:33 localhost kernel: ACPI: \_PR_.C013: Found 2 idle states
Oct 24 19:36:33 localhost kernel: ACPI: \_PR_.C015: Found 2 idle states
Oct 24 19:36:33 localhost kernel: ACPI: \_PR_.C017: Found 2 idle states
Oct 24 19:36:33 localhost kernel: Serial: 8250/16550 driver, 32 ports, IRQ sharing enabled
Oct 24 19:36:33 localhost kernel: serial8250: ttyS0 at I/O 0x3f8 (irq = 4, base_baud = 115200) is a 16550A
Oct 24 19:36:33 localhost kernel: Non-volatile memory driver v1.3
Oct 24 19:36:33 localhost kernel: Linux agpgart interface v0.103
Oct 24 19:36:33 localhost kernel: ahci 0000:07:00.0: version 3.0
Oct 24 19:36:33 localhost kernel: ahci 0000:07:00.0: AHCI 0001.0301 32 slots 1 ports 6 Gbps 0x1 impl SATA mode
Oct 24 19:36:33 localhost kernel: ahci 0000:07:00.0: flags: 64bit ncq sntf ilck pm led clo only pmp fbs pio slum part 
Oct 24 19:36:33 localhost kernel: scsi host0: ahci
Oct 24 19:36:33 localhost kernel: ata1: SATA max UDMA/133 abar m2048@0xfc800000 port 0xfc800100 irq 40
Oct 24 19:36:33 localhost kernel: ahci 0000:08:00.0: AHCI 0001.0301 32 slots 2 ports 6 Gbps 0x22 impl SATA mode
Oct 24 19:36:33 localhost kernel: ahci 0000:08:00.0: flags: 64bit ncq sntf ilck pm led clo only pmp fbs pio slum part 
Oct 24 19:36:33 localhost kernel: scsi host1: ahci
Oct 24 19:36:33 localhost kernel: scsi host2: ahci
Oct 24 19:36:33 localhost kernel: scsi host3: ahci
Oct 24 19:36:33 localhost kernel: scsi host4: ahci
Oct 24 19:36:33 localhost kernel: scsi host5: ahci
Oct 24 19:36:33 localhost kernel: scsi host6: ahci
Oct 24 19:36:33 localhost kernel: ata2: DUMMY
Oct 24 19:36:33 localhost kernel: ata3: SATA max UDMA/133 abar m2048@0xfc700000 port 0xfc700180 irq 42
Oct 24 19:36:33 localhost kernel: ata4: DUMMY
Oct 24 19:36:33 localhost kernel: ata5: DUMMY
Oct 24 19:36:33 localhost kernel: ata6: DUMMY
Oct 24 19:36:33 localhost kernel: ata7: SATA max UDMA/133 abar m2048@0xfc700000 port 0xfc700380 irq 46
Oct 24 19:36:33 localhost kernel: i8042: PNP: No PS/2 controller found.
Oct 24 19:36:33 localhost kernel: mousedev: PS/2 mouse device common for all mice
Oct 24 19:36:33 localhost kernel: rtc_cmos 00:02: RTC can wake from S4
Oct 24 19:36:33 localhost kernel: rtc_cmos 00:02: registered as rtc0
Oct 24 19:36:33 localhost kernel: rtc_cmos 00:02: setting system clock to 2021-10-24T17:36:32 UTC (1635096992)
Oct 24 19:36:33 localhost kernel: rtc_cmos 00:02: alarms up to one month, y3k, 114 bytes nvram, hpet irqs
Oct 24 19:36:33 localhost kernel: ledtrig-cpu: registered to indicate activity on CPUs
Oct 24 19:36:33 localhost kernel: EFI Variables Facility v0.08 2004-May-17
Oct 24 19:36:33 localhost kernel: hid: raw HID events driver (C) Jiri Kosina
Oct 24 19:36:33 localhost kernel: drop_monitor: Initializing network drop monitor service
Oct 24 19:36:33 localhost kernel: IPv6: Loaded, but administratively disabled, reboot required to enable
Oct 24 19:36:33 localhost kernel: microcode: CPU0: patch_level=0x0a201016
Oct 24 19:36:33 localhost kernel: microcode: CPU1: patch_level=0x0a201016
Oct 24 19:36:33 localhost kernel: microcode: CPU2: patch_level=0x0a201016
Oct 24 19:36:33 localhost kernel: microcode: CPU3: patch_level=0x0a201016
Oct 24 19:36:33 localhost kernel: microcode: CPU4: patch_level=0x0a201016
Oct 24 19:36:33 localhost kernel: microcode: CPU5: patch_level=0x0a201016
Oct 24 19:36:33 localhost kernel: microcode: CPU6: patch_level=0x0a201016
Oct 24 19:36:33 localhost kernel: microcode: CPU7: patch_level=0x0a201016
Oct 24 19:36:33 localhost kernel: microcode: CPU8: patch_level=0x0a201016
Oct 24 19:36:33 localhost kernel: microcode: CPU9: patch_level=0x0a201016
Oct 24 19:36:33 localhost kernel: microcode: CPU10: patch_level=0x0a201016
Oct 24 19:36:33 localhost kernel: microcode: CPU11: patch_level=0x0a201016
Oct 24 19:36:33 localhost kernel: microcode: CPU12: patch_level=0x0a201016
Oct 24 19:36:33 localhost kernel: microcode: CPU13: patch_level=0x0a201016
Oct 24 19:36:33 localhost kernel: microcode: CPU14: patch_level=0x0a201016
Oct 24 19:36:33 localhost kernel: microcode: CPU15: patch_level=0x0a201016
Oct 24 19:36:33 localhost kernel: microcode: CPU16: patch_level=0x0a201016
Oct 24 19:36:33 localhost kernel: microcode: CPU17: patch_level=0x0a201016
Oct 24 19:36:33 localhost kernel: microcode: CPU18: patch_level=0x0a201016
Oct 24 19:36:33 localhost kernel: microcode: CPU19: patch_level=0x0a201016
Oct 24 19:36:33 localhost kernel: microcode: CPU20: patch_level=0x0a201016
Oct 24 19:36:33 localhost kernel: microcode: CPU21: patch_level=0x0a201016
Oct 24 19:36:33 localhost kernel: microcode: CPU22: patch_level=0x0a201016
Oct 24 19:36:33 localhost kernel: microcode: CPU23: patch_level=0x0a201016
Oct 24 19:36:33 localhost kernel: microcode: Microcode Update Driver: v2.2.
Oct 24 19:36:33 localhost kernel: resctrl: L3 allocation detected
Oct 24 19:36:33 localhost kernel: resctrl: L3DATA allocation detected
Oct 24 19:36:33 localhost kernel: resctrl: L3CODE allocation detected
Oct 24 19:36:33 localhost kernel: resctrl: MB allocation detected
Oct 24 19:36:33 localhost kernel: resctrl: L3 monitoring detected
Oct 24 19:36:33 localhost kernel: IPI shorthand broadcast: enabled
Oct 24 19:36:33 localhost kernel: sched_clock: Marking stable (401651627, 314237172)->(808083340, -92194541)
Oct 24 19:36:33 localhost kernel: registered taskstats version 1
Oct 24 19:36:33 localhost kernel: Loading compiled-in X.509 certificates
Oct 24 19:36:33 localhost kernel: Loaded X.509 cert 'Build time autogenerated kernel key: ce2c6963a4813b38c0ffbf01e406c608faec682a'
Oct 24 19:36:33 localhost kernel: zswap: loaded using pool lzo/zbud
Oct 24 19:36:33 localhost kernel: page_owner is disabled
Oct 24 19:36:33 localhost kernel: Key type ._fscrypt registered
Oct 24 19:36:33 localhost kernel: Key type .fscrypt registered
Oct 24 19:36:33 localhost kernel: Key type fscrypt-provisioning registered
Oct 24 19:36:33 localhost kernel: ata1: SATA link up 6.0 Gbps (SStatus 133 SControl 300)
Oct 24 19:36:33 localhost kernel: ata7: SATA link up 6.0 Gbps (SStatus 133 SControl 300)
Oct 24 19:36:33 localhost kernel: ata7.00: supports DRM functions and may not be fully accessible
Oct 24 19:36:33 localhost kernel: ata3: SATA link up 6.0 Gbps (SStatus 133 SControl 300)
Oct 24 19:36:33 localhost kernel: ata3.00: supports DRM functions and may not be fully accessible
Oct 24 19:36:33 localhost kernel: ata7.00: disabling queued TRIM support
Oct 24 19:36:33 localhost kernel: ata7.00: ATA-11: Samsung SSD 860 EVO 500GB, RVT04B6Q, max UDMA/133
Oct 24 19:36:33 localhost kernel: ata7.00: 976773168 sectors, multi 1: LBA48 NCQ (depth 32), AA
Oct 24 19:36:33 localhost kernel: ata3.00: disabling queued TRIM support
Oct 24 19:36:33 localhost kernel: ata3.00: ATA-11: Samsung SSD 860 EVO 500GB, RVT04B6Q, max UDMA/133
Oct 24 19:36:33 localhost kernel: ata3.00: 976773168 sectors, multi 1: LBA48 NCQ (depth 32), AA
Oct 24 19:36:33 localhost kernel: ata7.00: supports DRM functions and may not be fully accessible
Oct 24 19:36:33 localhost kernel: ata3.00: supports DRM functions and may not be fully accessible
Oct 24 19:36:33 localhost kernel: ata7.00: disabling queued TRIM support
Oct 24 19:36:33 localhost kernel: ata3.00: disabling queued TRIM support
Oct 24 19:36:33 localhost kernel: ata7.00: configured for UDMA/133
Oct 24 19:36:33 localhost kernel: ata3.00: configured for UDMA/133
Oct 24 19:36:33 localhost kernel: ata1.00: ATA-10: ST4000VN008-2DR166, SC60, max UDMA/133
Oct 24 19:36:33 localhost kernel: ata1.00: 7814037168 sectors, multi 16: LBA48 NCQ (depth 32), AA
Oct 24 19:36:33 localhost kernel: ata1.00: configured for UDMA/133
Oct 24 19:36:33 localhost kernel: scsi 0:0:0:0: Direct-Access     ATA      ST4000VN008-2DR1 SC60 PQ: 0 ANSI: 5
Oct 24 19:36:33 localhost kernel: sd 0:0:0:0: [sda] 7814037168 512-byte logical blocks: (4.00 TB/3.64 TiB)
Oct 24 19:36:33 localhost kernel: sd 0:0:0:0: [sda] 4096-byte physical blocks
Oct 24 19:36:33 localhost kernel: sd 0:0:0:0: [sda] Write Protect is off
Oct 24 19:36:33 localhost kernel: sd 0:0:0:0: [sda] Mode Sense: 00 3a 00 00
Oct 24 19:36:33 localhost kernel: sd 0:0:0:0: [sda] Write cache: enabled, read cache: enabled, doesn't support DPO or FUA
Oct 24 19:36:33 localhost kernel: scsi 2:0:0:0: Direct-Access     ATA      Samsung SSD 860  4B6Q PQ: 0 ANSI: 5
Oct 24 19:36:33 localhost kernel: ata3.00: Enabling discard_zeroes_data
Oct 24 19:36:33 localhost kernel: sd 2:0:0:0: [sdb] 976773168 512-byte logical blocks: (500 GB/466 GiB)
Oct 24 19:36:33 localhost kernel: sd 2:0:0:0: [sdb] Write Protect is off
Oct 24 19:36:33 localhost kernel: sd 2:0:0:0: [sdb] Mode Sense: 00 3a 00 00
Oct 24 19:36:33 localhost kernel: sd 2:0:0:0: [sdb] Write cache: enabled, read cache: enabled, doesn't support DPO or FUA
Oct 24 19:36:33 localhost kernel: scsi 6:0:0:0: Direct-Access     ATA      Samsung SSD 860  4B6Q PQ: 0 ANSI: 5
Oct 24 19:36:33 localhost kernel: ata7.00: Enabling discard_zeroes_data
Oct 24 19:36:33 localhost kernel: ata3.00: Enabling discard_zeroes_data
Oct 24 19:36:33 localhost kernel: sd 6:0:0:0: [sdc] 976773168 512-byte logical blocks: (500 GB/466 GiB)
Oct 24 19:36:33 localhost kernel: sd 6:0:0:0: [sdc] Write Protect is off
Oct 24 19:36:33 localhost kernel: sd 6:0:0:0: [sdc] Mode Sense: 00 3a 00 00
Oct 24 19:36:33 localhost kernel: sd 6:0:0:0: [sdc] Write cache: enabled, read cache: enabled, doesn't support DPO or FUA
Oct 24 19:36:33 localhost kernel: ata7.00: Enabling discard_zeroes_data
Oct 24 19:36:33 localhost kernel:  sdb:
Oct 24 19:36:33 localhost kernel: ata3.00: Enabling discard_zeroes_data
Oct 24 19:36:33 localhost kernel:  sdc: sdc1 sdc2 sdc3
Oct 24 19:36:33 localhost kernel: ata7.00: Enabling discard_zeroes_data
Oct 24 19:36:33 localhost kernel: sd 2:0:0:0: [sdb] supports TCG Opal
Oct 24 19:36:33 localhost kernel: sd 2:0:0:0: [sdb] Attached SCSI disk
Oct 24 19:36:33 localhost kernel: sd 6:0:0:0: [sdc] supports TCG Opal
Oct 24 19:36:33 localhost kernel: sd 6:0:0:0: [sdc] Attached SCSI disk
Oct 24 19:36:33 localhost kernel:  sda: sda1
Oct 24 19:36:33 localhost kernel: sd 0:0:0:0: [sda] Attached SCSI disk
Oct 24 19:36:33 localhost kernel: Freeing initrd memory: 26796K
Oct 24 19:36:33 localhost kernel: Key type encrypted registered
Oct 24 19:36:33 localhost kernel: AppArmor: AppArmor sha1 policy hashing enabled
Oct 24 19:36:33 localhost kernel: integrity: Loading X.509 certificate: UEFI:db
Oct 24 19:36:33 localhost kernel: integrity: Loaded X.509 cert 'ASUSTeK MotherBoard SW Key Certificate: da83b990422ebc8c441f8d8b039a65a2'
Oct 24 19:36:33 localhost kernel: integrity: Loading X.509 certificate: UEFI:db
Oct 24 19:36:33 localhost kernel: integrity: Loaded X.509 cert 'ASUSTeK Notebook SW Key Certificate: b8e581e4df77a5bb4282d5ccfc00c071'
Oct 24 19:36:33 localhost kernel: integrity: Loading X.509 certificate: UEFI:db
Oct 24 19:36:33 localhost kernel: integrity: Loaded X.509 cert 'Microsoft Corporation UEFI CA 2011: 13adbf4309bd82709c8cd54f316ed522988a1bd4'
Oct 24 19:36:33 localhost kernel: integrity: Loading X.509 certificate: UEFI:db
Oct 24 19:36:33 localhost kernel: integrity: Loaded X.509 cert 'Microsoft Windows Production PCA 2011: a92902398e16c49778cd90f99e4f9ae17c55af53'
Oct 24 19:36:33 localhost kernel: integrity: Loading X.509 certificate: UEFI:db
Oct 24 19:36:33 localhost kernel: integrity: Loaded X.509 cert 'Canonical Ltd. Master Certificate Authority: ad91990bc22ab1f517048c23b6655a268e345a63'
Oct 24 19:36:33 localhost kernel: Loading compiled-in module X.509 certificates
Oct 24 19:36:33 localhost kernel: Loaded X.509 cert 'Build time autogenerated kernel key: ce2c6963a4813b38c0ffbf01e406c608faec682a'
Oct 24 19:36:33 localhost kernel: ima: Allocated hash algorithm: sha256
Oct 24 19:36:33 localhost kernel: ima: No architecture policies found
Oct 24 19:36:33 localhost kernel: evm: Initialising EVM extended attributes:
Oct 24 19:36:33 localhost kernel: evm: security.selinux
Oct 24 19:36:33 localhost kernel: evm: security.SMACK64 (disabled)
Oct 24 19:36:33 localhost kernel: evm: security.SMACK64EXEC (disabled)
Oct 24 19:36:33 localhost kernel: evm: security.SMACK64TRANSMUTE (disabled)
Oct 24 19:36:33 localhost kernel: evm: security.SMACK64MMAP (disabled)
Oct 24 19:36:33 localhost kernel: evm: security.apparmor
Oct 24 19:36:33 localhost kernel: evm: security.ima
Oct 24 19:36:33 localhost kernel: evm: security.capability
Oct 24 19:36:33 localhost kernel: evm: HMAC attrs: 0x1
Oct 24 19:36:33 localhost kernel: PM:   Magic number: 9:214:644
Oct 24 19:36:33 localhost kernel: RAS: Correctable Errors collector initialized.
Oct 24 19:36:33 localhost kernel: Freeing unused decrypted memory: 2036K
Oct 24 19:36:33 localhost kernel: Freeing unused kernel image (initmem) memory: 2752K
Oct 24 19:36:33 localhost kernel: Write protecting the kernel read-only data: 26624k
Oct 24 19:36:33 localhost kernel: Freeing unused kernel image (text/rodata gap) memory: 2036K
Oct 24 19:36:33 localhost kernel: Freeing unused kernel image (rodata/data gap) memory: 1416K
Oct 24 19:36:33 localhost kernel: Run /init as init process
Oct 24 19:36:33 localhost kernel:   with arguments:
Oct 24 19:36:33 localhost kernel:     /init
Oct 24 19:36:33 localhost kernel:   with environment:
Oct 24 19:36:33 localhost kernel:     HOME=/
Oct 24 19:36:33 localhost kernel:     TERM=linux
Oct 24 19:36:33 localhost kernel:     BOOT_IMAGE=/boot/vmlinuz-5.14.14-xanmod2-1-default
Oct 24 19:36:33 localhost kernel:     splash=silent
Oct 24 19:36:33 localhost kernel: efivarfs: module verification failed: signature and/or required key missing - tainting kernel
Oct 24 19:36:33 localhost systemd[1]: systemd 249.5+suse.47.g8521f8d22f running in system mode (+PAM +AUDIT +SELINUX +APPARMOR -IMA -SMACK +SECCOMP +GCRYPT +GNUTLS +OPENSSL +ACL +BLKID +CURL +ELFUTILS +FIDO2 +IDN2 -IDN -IPTC +KMOD +LIBCRYPTSETUP +LIBFDISK +PCRE2 +PWQUALITY +P11KIT +QRENCODE +BZIP2 +LZ4 +XZ +ZLIB +ZSTD -XKBCOMMON +UTMP +SYSVINIT default-hierarchy=unified)
Oct 24 19:36:33 localhost systemd[1]: Detected architecture x86-64.
Oct 24 19:36:33 localhost systemd[1]: Running in initial RAM disk.
Oct 24 19:36:33 localhost systemd[1]: No hostname configured, using default hostname.
Oct 24 19:36:33 localhost systemd[1]: Hostname set to <localhost>.
Oct 24 19:36:33 localhost systemd[1]: /usr/lib/systemd/system/plymouth-start.service:15: Unit configured to use KillMode=none. This is unsafe, as it disables systemd's process lifecycle management for the service. Please update your service to use a safer KillMode=, such as 'mixed' or 'control-group'. Support for KillMode=none is deprecated and will eventually be removed.
Oct 24 19:36:33 localhost systemd[1]: Queued start job for default target Initrd Default Target.
Oct 24 19:36:33 localhost systemd[1]: Reached target Initrd /usr File System.
Oct 24 19:36:33 localhost systemd[1]: Reached target Local File Systems.
Oct 24 19:36:33 localhost systemd[1]: Reached target Slice Units.
Oct 24 19:36:33 localhost systemd[1]: Reached target Swaps.
Oct 24 19:36:33 localhost systemd[1]: Reached target Timer Units.
Oct 24 19:36:33 localhost systemd[1]: Listening on Journal Socket (/dev/log).
Oct 24 19:36:33 localhost systemd[1]: Listening on Journal Socket.
Oct 24 19:36:33 localhost systemd[1]: Listening on udev Control Socket.
Oct 24 19:36:33 localhost systemd[1]: Listening on udev Kernel Socket.
Oct 24 19:36:33 localhost systemd[1]: Reached target Socket Units.
Oct 24 19:36:33 localhost systemd[1]: Started Entropy Daemon based on the HAVEGE algorithm.
Oct 24 19:36:33 localhost systemd[1]: Starting Create List of Static Device Nodes...
Oct 24 19:36:33 localhost systemd[1]: Starting Journal Service...
Oct 24 19:36:33 localhost systemd[1]: Starting Load Kernel Modules...
Oct 24 19:36:33 localhost systemd[1]: Starting Setup Virtual Console...
Oct 24 19:36:33 localhost systemd[1]: Finished Create List of Static Device Nodes.
Oct 24 19:36:33 localhost systemd[1]: Starting Create Static Device Nodes in /dev...
Oct 24 19:36:33 localhost systemd[1]: Finished Create Static Device Nodes in /dev.
Oct 24 19:36:33 localhost kernel: alua: device handler registered
Oct 24 19:36:33 localhost kernel: emc: device handler registered
Oct 24 19:36:33 localhost kernel: rdac: device handler registered
Oct 24 19:36:33 localhost kernel: device-mapper: uevent: version 1.0.3
Oct 24 19:36:33 localhost kernel: device-mapper: ioctl: 4.45.0-ioctl (2021-03-22) initialised: dm-devel@redhat.com
Oct 24 19:36:33 localhost kernel: sd 0:0:0:0: Attached scsi generic sg0 type 0
Oct 24 19:36:33 localhost kernel: sd 2:0:0:0: Attached scsi generic sg1 type 0
Oct 24 19:36:33 localhost kernel: sd 6:0:0:0: Attached scsi generic sg2 type 0
Oct 24 19:36:33 localhost systemd[1]: Finished Load Kernel Modules.
Oct 24 19:36:33 localhost systemd[1]: Starting Apply Kernel Variables...
Oct 24 19:36:33 localhost systemd[1]: Finished Apply Kernel Variables.
Oct 24 19:36:33 localhost systemd-journald[359]: Journal started
Oct 24 19:36:33 localhost systemd-journald[359]: Runtime Journal (/run/log/journal/30170ff3811249a89c4972a6cdbcd282) is 8.0M, max 639.9M, 631.9M free.
Oct 24 19:36:33 localhost systemd-modules-load[360]: Inserted module 'msr'
Oct 24 19:36:33 localhost haveged[357]: haveged: command socket is listening at fd 3
Oct 24 19:36:33 localhost systemd-modules-load[360]: Inserted module 'scsi_dh_alua'
Oct 24 19:36:33 localhost systemd-modules-load[360]: Inserted module 'scsi_dh_emc'
Oct 24 19:36:33 localhost systemd-modules-load[360]: Inserted module 'scsi_dh_rdac'
Oct 24 19:36:33 localhost systemd-modules-load[360]: Inserted module 'dm_multipath'
Oct 24 19:36:33 localhost systemd-modules-load[360]: Inserted module 'sg'
Oct 24 19:36:33 localhost systemd-sysctl[371]: Couldn't write '1' to 'net/ipv6/conf/default/use_tempaddr', ignoring: No such file or directory
Oct 24 19:36:33 localhost systemd-sysctl[371]: Couldn't write '0' to 'net/ipv6/conf/all/accept_redirects', ignoring: No such file or directory
Oct 24 19:36:33 localhost systemd-sysctl[371]: Couldn't write '0' to 'net/ipv6/conf/default/accept_redirects', ignoring: No such file or directory
Oct 24 19:36:33 localhost systemd[1]: Starting Create Volatile Files and Directories...
Oct 24 19:36:33 localhost systemd[1]: Started Journal Service.
Oct 24 19:36:33 localhost systemd[1]: Finished Create Volatile Files and Directories.
Oct 24 19:36:33 localhost systemd[1]: Finished Setup Virtual Console.
Oct 24 19:36:33 localhost systemd[1]: Starting dracut ask for additional cmdline parameters...
Oct 24 19:36:33 localhost systemd[1]: Finished dracut ask for additional cmdline parameters.
Oct 24 19:36:33 localhost systemd[1]: Starting dracut cmdline hook...
Oct 24 19:36:33 localhost dracut-cmdline[386]: dracut-dracut-055+suse.129.g7d8c3ce3-1.1
Oct 24 19:36:33 localhost dracut-cmdline[386]: Using kernel command line parameters:  root=UUID=b53e239d-b210-494f-986f-ccc63190e2ec rootfstype=xfs rootflags=rw,noatime,attr2,inode64,logbufs=8,logbsize=32k,noquota   BOOT_IMAGE=/boot/vmlinuz-5.14.14-xanmod2-1-default root=UUID=b53e239d-b210-494f-986f-ccc63190e2ec splash=silent quiet mitigations=off processor.max_cstate=5 idle=nomwait nowatchdog ipv6.disable=1
Oct 24 19:36:33 localhost systemd[1]: Finished dracut cmdline hook.
Oct 24 19:36:33 localhost systemd[1]: Starting dracut pre-udev hook...
Oct 24 19:36:33 localhost systemd[1]: Finished dracut pre-udev hook.
Oct 24 19:36:33 localhost systemd[1]: Starting Rule-based Manager for Device Events and Files...
Oct 24 19:36:33 localhost systemd[1]: Started Rule-based Manager for Device Events and Files.
Oct 24 19:36:33 localhost systemd[1]: Condition check resulted in dracut pre-trigger hook being skipped.
Oct 24 19:36:33 localhost systemd[1]: Starting Coldplug All udev Devices...
Oct 24 19:36:33 localhost systemd[1]: Finished Coldplug All udev Devices.
Oct 24 19:36:33 localhost systemd[1]: Reached target System Initialization.
Oct 24 19:36:33 localhost systemd[1]: Starting dracut initqueue hook...
Oct 24 19:36:33 localhost systemd[1]: Starting Show Plymouth Boot Screen...
Oct 24 19:36:33 localhost systemd[1]: Received SIGRTMIN+20 from PID 490 (plymouthd).
Oct 24 19:36:33 localhost kernel: nvme nvme0: pci function 0000:01:00.0
Oct 24 19:36:33 localhost kernel: ACPI: bus type USB registered
Oct 24 19:36:33 localhost kernel: nvme nvme1: pci function 0000:04:00.0
Oct 24 19:36:33 localhost kernel: usbcore: registered new interface driver usbfs
Oct 24 19:36:33 localhost kernel: usbcore: registered new interface driver hub
Oct 24 19:36:33 localhost kernel: usbcore: registered new device driver usb
Oct 24 19:36:33 localhost kernel: sp5100_tco: SP5100/SB800 TCO WatchDog Timer Driver
Oct 24 19:36:33 localhost kernel: sp5100-tco sp5100-tco: Using 0xfed80b00 for watchdog MMIO address
Oct 24 19:36:33 localhost kernel: sp5100-tco sp5100-tco: Watchdog hardware is disabled
Oct 24 19:36:33 localhost kernel: xhci_hcd 0000:06:00.1: xHCI Host Controller
Oct 24 19:36:33 localhost kernel: xhci_hcd 0000:06:00.1: new USB bus registered, assigned bus number 1
Oct 24 19:36:33 localhost kernel: ccp 0000:0b:00.1: enabling device (0000 -> 0002)
Oct 24 19:36:33 localhost kernel: ccp 0000:0b:00.1: ccp: unable to access the device: you might be running a broken BIOS.
Oct 24 19:36:33 localhost kernel: xhci_hcd 0000:06:00.1: hcc params 0x0278ffe5 hci version 0x110 quirks 0x0000000000000410
Oct 24 19:36:33 localhost kernel: xhci_hcd 0000:06:00.1: xHCI Host Controller
Oct 24 19:36:33 localhost kernel: xhci_hcd 0000:06:00.1: new USB bus registered, assigned bus number 2
Oct 24 19:36:33 localhost kernel: xhci_hcd 0000:06:00.1: Host supports USB 3.1 Enhanced SuperSpeed
Oct 24 19:36:33 localhost kernel: usb usb1: New USB device found, idVendor=1d6b, idProduct=0002, bcdDevice= 5.14
Oct 24 19:36:33 localhost kernel: usb usb1: New USB device strings: Mfr=3, Product=2, SerialNumber=1
Oct 24 19:36:33 localhost kernel: usb usb1: Product: xHCI Host Controller
Oct 24 19:36:33 localhost kernel: usb usb1: Manufacturer: Linux 5.14.14-xanmod2-1-default xhci-hcd
Oct 24 19:36:33 localhost kernel: usb usb1: SerialNumber: 0000:06:00.1
Oct 24 19:36:33 localhost kernel: hub 1-0:1.0: USB hub found
Oct 24 19:36:33 localhost kernel: hub 1-0:1.0: 6 ports detected
Oct 24 19:36:33 localhost kernel: usb usb2: We don't know the algorithms for LPM for this host, disabling LPM.
Oct 24 19:36:33 localhost kernel: usb usb2: New USB device found, idVendor=1d6b, idProduct=0003, bcdDevice= 5.14
Oct 24 19:36:33 localhost kernel: usb usb2: New USB device strings: Mfr=3, Product=2, SerialNumber=1
Oct 24 19:36:33 localhost kernel: usb usb2: Product: xHCI Host Controller
Oct 24 19:36:33 localhost kernel: usb usb2: Manufacturer: Linux 5.14.14-xanmod2-1-default xhci-hcd
Oct 24 19:36:33 localhost kernel: usb usb2: SerialNumber: 0000:06:00.1
Oct 24 19:36:33 localhost kernel: hub 2-0:1.0: USB hub found
Oct 24 19:36:33 localhost kernel: hub 2-0:1.0: 4 ports detected
Oct 24 19:36:33 localhost kernel: xhci_hcd 0000:06:00.3: xHCI Host Controller
Oct 24 19:36:33 localhost kernel: xhci_hcd 0000:06:00.3: new USB bus registered, assigned bus number 3
Oct 24 19:36:33 localhost kernel: xhci_hcd 0000:06:00.3: hcc params 0x0278ffe5 hci version 0x110 quirks 0x0000000000000410
Oct 24 19:36:33 localhost kernel: xhci_hcd 0000:06:00.3: xHCI Host Controller
Oct 24 19:36:33 localhost kernel: xhci_hcd 0000:06:00.3: new USB bus registered, assigned bus number 4
Oct 24 19:36:33 localhost kernel: xhci_hcd 0000:06:00.3: Host supports USB 3.1 Enhanced SuperSpeed
Oct 24 19:36:33 localhost kernel: usb usb3: New USB device found, idVendor=1d6b, idProduct=0002, bcdDevice= 5.14
Oct 24 19:36:33 localhost kernel: usb usb3: New USB device strings: Mfr=3, Product=2, SerialNumber=1
Oct 24 19:36:33 localhost kernel: usb usb3: Product: xHCI Host Controller
Oct 24 19:36:33 localhost kernel: usb usb3: Manufacturer: Linux 5.14.14-xanmod2-1-default xhci-hcd
Oct 24 19:36:33 localhost kernel: usb usb3: SerialNumber: 0000:06:00.3
Oct 24 19:36:33 localhost kernel: hub 3-0:1.0: USB hub found
Oct 24 19:36:33 localhost kernel: hub 3-0:1.0: 6 ports detected
Oct 24 19:36:33 localhost kernel: nvme nvme0: missing or invalid SUBNQN field.
Oct 24 19:36:33 localhost kernel: nvme nvme0: Shutdown timeout set to 8 seconds
Oct 24 19:36:33 localhost kernel: usb usb4: We don't know the algorithms for LPM for this host, disabling LPM.
Oct 24 19:36:33 localhost kernel: usb usb4: New USB device found, idVendor=1d6b, idProduct=0003, bcdDevice= 5.14
Oct 24 19:36:33 localhost kernel: usb usb4: New USB device strings: Mfr=3, Product=2, SerialNumber=1
Oct 24 19:36:33 localhost kernel: usb usb4: Product: xHCI Host Controller
Oct 24 19:36:33 localhost kernel: usb usb4: Manufacturer: Linux 5.14.14-xanmod2-1-default xhci-hcd
Oct 24 19:36:33 localhost kernel: usb usb4: SerialNumber: 0000:06:00.3
Oct 24 19:36:33 localhost kernel: hub 4-0:1.0: USB hub found
Oct 24 19:36:33 localhost kernel: hub 4-0:1.0: 4 ports detected
Oct 24 19:36:33 localhost kernel: nvme nvme1: missing or invalid SUBNQN field.
Oct 24 19:36:33 localhost kernel: nvme nvme1: Shutdown timeout set to 8 seconds
Oct 24 19:36:33 localhost kernel: usb: port power management may be unreliable
Oct 24 19:36:33 localhost kernel: xhci_hcd 0000:0b:00.3: xHCI Host Controller
Oct 24 19:36:33 localhost kernel: xhci_hcd 0000:0b:00.3: new USB bus registered, assigned bus number 5
Oct 24 19:36:33 localhost kernel: xhci_hcd 0000:0b:00.3: hcc params 0x0278ffe5 hci version 0x110 quirks 0x0000000000000410
Oct 24 19:36:33 localhost kernel: cryptd: max_cpu_qlen set to 1000
Oct 24 19:36:33 localhost kernel: xhci_hcd 0000:0b:00.3: xHCI Host Controller
Oct 24 19:36:33 localhost kernel: xhci_hcd 0000:0b:00.3: new USB bus registered, assigned bus number 6
Oct 24 19:36:33 localhost kernel: xhci_hcd 0000:0b:00.3: Host supports USB 3.1 Enhanced SuperSpeed
Oct 24 19:36:33 localhost kernel: usb usb5: New USB device found, idVendor=1d6b, idProduct=0002, bcdDevice= 5.14
Oct 24 19:36:33 localhost kernel: usb usb5: New USB device strings: Mfr=3, Product=2, SerialNumber=1
Oct 24 19:36:33 localhost kernel: usb usb5: Product: xHCI Host Controller
Oct 24 19:36:33 localhost kernel: usb usb5: Manufacturer: Linux 5.14.14-xanmod2-1-default xhci-hcd
Oct 24 19:36:33 localhost kernel: usb usb5: SerialNumber: 0000:0b:00.3
Oct 24 19:36:33 localhost kernel: hub 5-0:1.0: USB hub found
Oct 24 19:36:33 localhost kernel: hub 5-0:1.0: 4 ports detected
Oct 24 19:36:33 localhost kernel: usb usb6: We don't know the algorithms for LPM for this host, disabling LPM.
Oct 24 19:36:33 localhost kernel: usb usb6: New USB device found, idVendor=1d6b, idProduct=0003, bcdDevice= 5.14
Oct 24 19:36:33 localhost kernel: usb usb6: New USB device strings: Mfr=3, Product=2, SerialNumber=1
Oct 24 19:36:33 localhost kernel: usb usb6: Product: xHCI Host Controller
Oct 24 19:36:33 localhost kernel: usb usb6: Manufacturer: Linux 5.14.14-xanmod2-1-default xhci-hcd
Oct 24 19:36:33 localhost kernel: usb usb6: SerialNumber: 0000:0b:00.3
Oct 24 19:36:33 localhost kernel: AMD-Vi: AMD IOMMUv2 driver by Joerg Roedel <jroedel@suse.de>
Oct 24 19:36:33 localhost kernel: hub 6-0:1.0: USB hub found
Oct 24 19:36:33 localhost kernel: hub 6-0:1.0: 4 ports detected
Oct 24 19:36:33 localhost kernel: AVX2 version of gcm_enc/dec engaged.
Oct 24 19:36:33 localhost kernel: AES CTR mode by8 optimization enabled
Oct 24 19:36:33 localhost systemd[1]: Started Show Plymouth Boot Screen.
Oct 24 19:36:33 localhost systemd[1]: Condition check resulted in Dispatch Password Requests to Console Directory Watch being skipped.
Oct 24 19:36:33 localhost systemd[1]: Started Forward Password Requests to Plymouth Directory Watch.
Oct 24 19:36:33 localhost systemd[1]: Reached target Path Units.
Oct 24 19:36:33 localhost systemd[1]: Reached target Basic System.
Oct 24 19:36:33 localhost kernel: tsc: Refined TSC clocksource calibration: 3699.998 MHz
Oct 24 19:36:33 localhost kernel: clocksource: tsc: mask: 0xffffffffffffffff max_cycles: 0x6aaaa638e3b, max_idle_ns: 881590585313 ns
Oct 24 19:36:33 localhost kernel: clocksource: Switched to clocksource tsc
Oct 24 19:36:33 localhost kernel: [drm] amdgpu kernel modesetting enabled.
Oct 24 19:36:33 localhost kernel: amdgpu: Ignoring ACPI CRAT on non-APU system
Oct 24 19:36:33 localhost kernel: amdgpu: Virtual CRAT table created for CPU
Oct 24 19:36:33 localhost kernel: amdgpu: Topology: Add CPU node
Oct 24 19:36:33 localhost kernel: checking generic (d0000000 300000) vs hw (d0000000 10000000)
Oct 24 19:36:33 localhost kernel: fb0: switching to amdgpudrmfb from EFI VGA
Oct 24 19:36:33 localhost kernel: Console: switching to colour dummy device 80x25
Oct 24 19:36:33 localhost kernel: amdgpu 0000:09:00.0: vgaarb: deactivate vga console
Oct 24 19:36:33 localhost kernel: amdgpu 0000:09:00.0: enabling device (0006 -> 0007)
Oct 24 19:36:33 localhost kernel: [drm] initializing kernel modesetting (POLARIS10 0x1002:0x67DF 0x1DA2:0xE343 0xEF).
Oct 24 19:36:33 localhost kernel: amdgpu 0000:09:00.0: amdgpu: Trusted Memory Zone (TMZ) feature not supported
Oct 24 19:36:33 localhost kernel: [drm] register mmio base: 0xFCE00000
Oct 24 19:36:33 localhost kernel: [drm] register mmio size: 262144
Oct 24 19:36:33 localhost kernel: [drm] add ip block number 0 <vi_common>
Oct 24 19:36:33 localhost kernel: [drm] add ip block number 1 <gmc_v8_0>
Oct 24 19:36:33 localhost kernel: [drm] add ip block number 2 <tonga_ih>
Oct 24 19:36:33 localhost kernel: [drm] add ip block number 3 <gfx_v8_0>
Oct 24 19:36:33 localhost kernel: [drm] add ip block number 4 <sdma_v3_0>
Oct 24 19:36:33 localhost kernel: [drm] add ip block number 5 <powerplay>
Oct 24 19:36:33 localhost kernel: [drm] add ip block number 6 <dm>
Oct 24 19:36:33 localhost kernel: [drm] add ip block number 7 <uvd_v6_0>
Oct 24 19:36:33 localhost kernel: [drm] add ip block number 8 <vce_v3_0>
Oct 24 19:36:33 localhost kernel: amdgpu 0000:09:00.0: amdgpu: Fetched VBIOS from VFCT
Oct 24 19:36:33 localhost kernel: amdgpu: ATOM BIOS: 113-D00035-L01
Oct 24 19:36:33 localhost kernel: [drm] UVD is enabled in VM mode
Oct 24 19:36:33 localhost kernel: [drm] UVD ENC is enabled in VM mode
Oct 24 19:36:33 localhost kernel: [drm] VCE enabled in VM mode
Oct 24 19:36:33 localhost kernel: [drm] vm size is 128 GB, 2 levels, block size is 10-bit, fragment size is 9-bit
Oct 24 19:36:33 localhost kernel: amdgpu 0000:09:00.0: amdgpu: VRAM: 4096M 0x000000F400000000 - 0x000000F4FFFFFFFF (4096M used)
Oct 24 19:36:33 localhost kernel: amdgpu 0000:09:00.0: amdgpu: GART: 256M 0x000000FF00000000 - 0x000000FF0FFFFFFF
Oct 24 19:36:33 localhost kernel: [drm] Detected VRAM RAM=4096M, BAR=256M
Oct 24 19:36:33 localhost kernel: [drm] RAM width 256bits GDDR5
Oct 24 19:36:33 localhost kernel: [drm] amdgpu: 4096M of VRAM memory ready
Oct 24 19:36:33 localhost kernel: [drm] amdgpu: 4096M of GTT memory ready.
Oct 24 19:36:33 localhost kernel: [drm] GART: num cpu pages 65536, num gpu pages 65536
Oct 24 19:36:33 localhost kernel: nvme nvme0: 32/0/0 default/read/poll queues
Oct 24 19:36:33 localhost kernel: [drm] PCIE GART of 256M enabled (table at 0x000000F400300000).
Oct 24 19:36:33 localhost kernel: [drm] Chained IB support enabled!
Oct 24 19:36:33 localhost kernel: nvme nvme1: 32/0/0 default/read/poll queues
Oct 24 19:36:33 localhost kernel:  nvme0n1: p1 p2
Oct 24 19:36:33 localhost kernel:  nvme1n1: p1 p2 p3 p4 p5 p6
Oct 24 19:36:33 localhost kernel: amdgpu: hwmgr_sw_init smu backed is polaris10_smu
Oct 24 19:36:33 localhost systemd[1]: Found device Samsung SSD 970 EVO 250GB 6.
Oct 24 19:36:33 localhost systemd[1]: Found device Samsung SSD 970 EVO 250GB 5.
Oct 24 19:36:33 localhost kernel: [drm] Found UVD firmware Version: 1.130 Family ID: 16
Oct 24 19:36:33 localhost systemd[1]: Reached target Initrd Root Device.
Oct 24 19:36:33 localhost kernel: [drm] Found VCE firmware Version: 53.26 Binary ID: 3
Oct 24 19:36:33 localhost kernel: [drm] Display Core initialized with v3.2.141!
Oct 24 19:36:33 localhost kernel: usb 1-3: new high-speed USB device number 2 using xhci_hcd
Oct 24 19:36:33 localhost kernel: usb 5-3: new high-speed USB device number 2 using xhci_hcd
Oct 24 19:36:33 localhost kernel: usb 3-4: new full-speed USB device number 2 using xhci_hcd
Oct 24 19:36:33 localhost kernel: [drm] UVD and UVD ENC initialized successfully.
Oct 24 19:36:33 localhost kernel: [drm] VCE initialized successfully.
Oct 24 19:36:33 localhost kernel: kfd kfd: amdgpu: Allocated 3969056 bytes on gart
Oct 24 19:36:33 localhost kernel: usb 1-3: New USB device found, idVendor=045b, idProduct=0209, bcdDevice= 1.00
Oct 24 19:36:33 localhost kernel: usb 1-3: New USB device strings: Mfr=0, Product=0, SerialNumber=0
Oct 24 19:36:33 localhost kernel: amdgpu: SRAT table not found
Oct 24 19:36:33 localhost kernel: amdgpu: Virtual CRAT table created for GPU
Oct 24 19:36:33 localhost kernel: amdgpu: Topology: Add dGPU node [0x67df:0x1002]
Oct 24 19:36:33 localhost kernel: kfd kfd: amdgpu: added device 1002:67df
